Microchip MPLAB XC8 Compiler V2.00 ()

Linker command line:

-W-3 --edf=C:\Program Files (x86)\Microchip\xc8\v2.00\pic\dat\en_msgs.txt \
  -cs -h+dist/default/production\Lab3.X.production.sym \
  --cmf=dist/default/production\Lab3.X.production.cmf -z -Q18F452 \
  -oC:\Users\Nathan\AppData\Local\Temp\s45c.2 --defsym=__MPLAB_BUILD=1 \
  -Mdist/default/production/Lab3.X.production.map -E1 -ver=XC8 --acfsm=1493 \
  -ASTACK=080h-05ffh -pstack=STACK -ACODE=00h-03FFFhx2 -ACONST=00h-07FFFh \
  -ASMALLCONST=0600h-06FFhx122 -AMEDIUMCONST=0600h-07FFFh -ACOMRAM=01h-07Fh \
  -AABS1=00h-05FFh -ABIGRAM=01h-05FFh -ARAM=080h-0FFh,0100h-01FFhx5 \
  -ABANK0=080h-0FFh -ABANK1=0100h-01FFh -ABANK2=0200h-02FFh \
  -ABANK3=0300h-03FFh -ABANK4=0400h-04FFh -ABANK5=0500h-05FFh \
  -ASFR=0F80h-0FFFh -preset_vec=00h,intcode,intcodelo,powerup,init \
  -pramtop=0600h -psmallconst=SMALLCONST -pmediumconst=MEDIUMCONST \
  -pconst=CONST -AFARRAM=00h-00h -ACONFIG=0300000h-030000Dh -pconfig=CONFIG \
  -AIDLOC=0200000h-0200007h -pidloc=IDLOC -AEEDATA=0F00000h-0F000FFh \
  -peeprom_data=EEDATA \
  -prdata=COMRAM,nvrram=COMRAM,nvbit=COMRAM,rbss=COMRAM,rbit=COMRAM \
  -pfarbss=FARRAM,fardata=FARRAM,nvFARRAM=FARRAM \
  -pintsave_regs=BIGRAM,bigbss=BIGRAM,bigdata=BIGRAM -pbss=RAM \
  -pidata=CODE,irdata=CODE,ibigdata=CODE,ifardata=CODE -prparam=COMRAM \
  C:\Users\Nathan\AppData\Local\Temp\s45c.o \
  dist/default/production\Lab3.X.production.o 

Object code version is 3.11

Machine type is 18F452

Call graph: (short form)




                Name                               Link     Load   Length Selector   Space Scale
C:\Users\Nathan\AppData\Local\Temp\s45c.o
                text                                ED0      ED0        2      30F       0
                init                                  2        2        4        0       0
                reset_vec                             0        0        2        0       0
                idloc                            200000   200000        8   200000       0
                config                           300000   300000        E   300000       0
dist/default/production\Lab3.X.production.o
                smallconst                          600      600       1E      300       0
                text6                               CD4      CD4       A8      30F       0
                text5                               E7A      E7A       2C      30F       0
                text4                               D7C      D7C       9C      30F       0
                text3                               AB4      AB4      11A      30F       0
                text2                               BCE      BCE      106      30F       0
                text1                               E4A      E4A       30      30F       0
                text0                               61E      61E      496      30F       0
                cstackCOMRAM                         33       33       14        1       1
                dataCOMRAM                            1        1       32        1       1
                cinit                               EA6      EA6       2A      30F       0
                idataCOMRAM                         E18      E18       32      30F       0

TOTAL           Name                               Link     Load   Length     Space
        CLASS   STACK          

        CLASS   CODE           
                text                                ED0      ED0        2         0
                init                                  2        2        4         0
                reset_vec                             0        0        2         0
                text6                               CD4      CD4       A8         0
                text5                               E7A      E7A       2C         0
                text4                               D7C      D7C       9C         0
                text3                               AB4      AB4      11A         0
                text2                               BCE      BCE      106         0
                text1                               E4A      E4A       30         0
                text0                               61E      61E      496         0
                cinit                               EA6      EA6       2A         0
                idataCOMRAM                         E18      E18       32         0

        CLASS   CONST          

        CLASS   SMALLCONST     
                smallconst                          600      600       1E         0

        CLASS   MEDIUMCONST    

        CLASS   COMRAM         
                cstackCOMRAM                         33       33       14         1
                dataCOMRAM                            1        1       32         1

        CLASS   ABS1           

        CLASS   BIGRAM         

        CLASS   RAM            

        CLASS   BANK0          

        CLASS   BANK1          

        CLASS   BANK2          

        CLASS   BANK3          

        CLASS   BANK4          

        CLASS   BANK5          

        CLASS   SFR            

        CLASS   FARRAM         

        CLASS   CONFIG         
                config                           300000   300000        E         0

        CLASS   IDLOC          
                idloc                            200000   200000        8         0

        CLASS   EEDATA         



SEGMENTS        Name                           Load    Length   Top    Selector   Space  Class

                reset_vec                      000000  000006  000006         0       0  CODE    
                dataCOMRAM                     000001  000046  000047         1       1  COMRAM  
                smallconst                     000600  00001E  00061E       300       0  SMALLCON
                text0                          00061E  0008B4  000ED2       30F       0  CODE    
                idloc                          200000  000008  200008    200000       0  IDLOC   
                config                         300000  00000E  30000E    300000       0  CONFIG  


UNUSED ADDRESS RANGES

        Name                Unused          Largest block    Delta
        BANK0            000080-0000FF               80
        BANK1            000100-0001FF              100
        BANK2            000200-0002FF              100
        BANK3            000300-0003FF              100
        BANK4            000400-0004FF              100
        BANK5            000500-0005FF              100
        BIGRAM           000047-0005FF              5B9
        CODE             000006-0005FF              5FA
                         000ED2-007FFF             312E
        COMRAM           000047-00007F               39
        CONST            000006-0005FF              5FA
                         000ED2-007FFF             712E
        EEDATA           F00000-F000FF              100
        MEDIUMCONST      000ED2-007FFF             712E
        RAM              000080-0005FF              100
        SFR              000F80-000FFF               80
        SMALLCONST       000ED2-007FFF              100
        STACK            000080-0005FF              580

                                  Symbol Table

?___awdiv                                                  cstackCOMRAM 000033
?___awmod                                                  cstackCOMRAM 000033
?___wmul                                                   cstackCOMRAM 000033
Initialize_LCD@currentChar                                 cstackCOMRAM 000037
Initialize_LCD@tempPtr                                     cstackCOMRAM 000035
Print_To_LCD@currentChar                                   cstackCOMRAM 000036
Print_To_LCD@tempPtr                                       cstackCOMRAM 000033
_ADCON1                                                    (abs)        000FC1
_Clear1                                                    smallconst   00060B
_Clear2                                                    smallconst   000601
_Initialize_LCD                                            text6        000CD4
_Initialize_PIC                                            text5        000E7A
_LCDstr                                                    smallconst   000615
_PORTA                                                     (abs)        000F80
_PORTAbits                                                 (abs)        000F80
_PORTBbits                                                 (abs)        000F81
_PORTCbits                                                 (abs)        000F82
_PORTD                                                     (abs)        000F83
_PORTEbits                                                 (abs)        000F84
_Print_To_LCD                                              text4        000D7C
_Str_1                                                     dataCOMRAM   000029
_Str_2                                                     dataCOMRAM   00001F
_TRISA                                                     (abs)        000F92
_TRISB                                                     (abs)        000F93
_TRISC                                                     (abs)        000F94
_TRISD                                                     (abs)        000F95
_TRISE                                                     (abs)        000F96
__CFG_BOR$OFF                                              (abs)        000000
__CFG_CCP2MUX$ON                                           (abs)        000000
__CFG_LVP$OFF                                              (abs)        000000
__CFG_OSC$HS                                               (abs)        000000
__CFG_OSCS$OFF                                             (abs)        000000
__CFG_PWRT$OFF                                             (abs)        000000
__CFG_STVR$ON                                              (abs)        000000
__CFG_WDT$OFF                                              (abs)        000000
__HRAM                                                     (abs)        000000
__Habs1                                                    abs1         000000
__Hbank0                                                   bank0        000000
__Hbank1                                                   bank1        000000
__Hbank2                                                   bank2        000000
__Hbank3                                                   bank3        000000
__Hbank4                                                   bank4        000000
__Hbank5                                                   bank5        000000
__Hbigbss                                                  bigbss       000000
__Hbigdata                                                 bigdata      000000
__Hbigram                                                  bigram       000000
__Hbss                                                     bss          000000
__Hcinit                                                   cinit        000000
__Hclrtext                                                 clrtext      000000
__Hcomram                                                  comram       000000
__Hconfig                                                  config       30000E
__Hconst                                                   const        000000
__HcstackCOMRAM                                            cstackCOMRAM 000000
__Hdata                                                    data         000000
__HdataCOMRAM                                              dataCOMRAM   000000
__Heeprom_data                                             eeprom_data  000000
__Hfarbss                                                  farbss       000000
__Hfardata                                                 fardata      000000
__Hibigdata                                                ibigdata     000000
__Hidata                                                   idata        000000
__HidataCOMRAM                                             idataCOMRAM  000000
__Hidloc                                                   idloc        200008
__Hifardata                                                ifardata     000000
__Hinit                                                    init         000006
__Hintcode                                                 intcode      000002
__Hintcode_body                                            intcode_body 000000
__Hintcodelo                                               intcodelo    000002
__Hintentry                                                intentry     000000
__Hintret                                                  intret       000000
__Hintsave_regs                                            intsave_regs 000000
__Hirdata                                                  irdata       000000
__Hmediumconst                                             mediumconst  000000
__HnvFARRAM                                                nvFARRAM     000000
__Hnvbit                                                   nvbit        000000
__Hnvrram                                                  nvrram       000000
__Hparam                                                   rparam       000000
__Hpowerup                                                 powerup      000002
__Hram                                                     ram          000000
__Hramtop                                                  ramtop       000600
__Hrbit                                                    rbit         000000
__Hrbss                                                    rbss         000000
__Hrdata                                                   rdata        000000
__Hreset_vec                                               reset_vec    000002
__Hrparam                                                  rparam       000000
__Hsfr                                                     sfr          000000
__Hsmallconst                                              smallconst   00061E
__Hspace_0                                                 (abs)        30000E
__Hspace_1                                                 (abs)        000047
__Hspace_2                                                 (abs)        000000
__Hstack                                                   stack        000000
__Hstruct                                                  struct       000000
__Htemp                                                    temp         000000
__Htext                                                    text         000000
__Htext0                                                   text0        000000
__Htext1                                                   text1        000000
__Htext2                                                   text2        000000
__Htext3                                                   text3        000000
__Htext4                                                   text4        000000
__Htext5                                                   text5        000000
__Htext6                                                   text6        000000
__LRAM                                                     (abs)        000001
__Labs1                                                    abs1         000000
__Lbank0                                                   bank0        000000
__Lbank1                                                   bank1        000000
__Lbank2                                                   bank2        000000
__Lbank3                                                   bank3        000000
__Lbank4                                                   bank4        000000
__Lbank5                                                   bank5        000000
__Lbigbss                                                  bigbss       000000
__Lbigdata                                                 bigdata      000000
__Lbigram                                                  bigram       000000
__Lbss                                                     bss          000000
__Lcinit                                                   cinit        000000
__Lclrtext                                                 clrtext      000000
__Lcomram                                                  comram       000000
__Lconfig                                                  config       300000
__Lconst                                                   const        000000
__LcstackCOMRAM                                            cstackCOMRAM 000000
__Ldata                                                    data         000000
__LdataCOMRAM                                              dataCOMRAM   000000
__Leeprom_data                                             eeprom_data  000000
__Lfarbss                                                  farbss       000000
__Lfardata                                                 fardata      000000
__Libigdata                                                ibigdata     000000
__Lidata                                                   idata        000000
__LidataCOMRAM                                             idataCOMRAM  000000
__Lidloc                                                   idloc        200000
__Lifardata                                                ifardata     000000
__Linit                                                    init         000002
__Lintcode                                                 intcode      000002
__Lintcode_body                                            intcode_body 000000
__Lintcodelo                                               intcodelo    000002
__Lintentry                                                intentry     000000
__Lintret                                                  intret       000000
__Lintsave_regs                                            intsave_regs 000000
__Lirdata                                                  irdata       000000
__Lmediumconst                                             mediumconst  000000
__LnvFARRAM                                                nvFARRAM     000000
__Lnvbit                                                   nvbit        000000
__Lnvrram                                                  nvrram       000000
__Lparam                                                   rparam       000000
__Lpowerup                                                 powerup      000002
__Lram                                                     ram          000000
__Lramtop                                                  ramtop       000600
__Lrbit                                                    rbit         000000
__Lrbss                                                    rbss         000000
__Lrdata                                                   rdata        000000
__Lreset_vec                                               reset_vec    000000
__Lrparam                                                  rparam       000000
__Lsfr                                                     sfr          000000
__Lsmallconst                                              smallconst   000600
__Lspace_0                                                 (abs)        000000
__Lspace_1                                                 (abs)        000000
__Lspace_2                                                 (abs)        000000
__Lstack                                                   stack        000000
__Lstruct                                                  struct       000000
__Ltemp                                                    temp         000000
__Ltext                                                    text         000000
__Ltext0                                                   text0        000000
__Ltext1                                                   text1        000000
__Ltext2                                                   text2        000000
__Ltext3                                                   text3        000000
__Ltext4                                                   text4        000000
__Ltext5                                                   text5        000000
__Ltext6                                                   text6        000000
__S0                                                       (abs)        30000E
__S1                                                       (abs)        000047
__S2                                                       (abs)        000000
___awdiv                                                   text3        000AB4
___awdiv@counter                                           cstackCOMRAM 000037
___awdiv@dividend                                          cstackCOMRAM 000033
___awdiv@divisor                                           cstackCOMRAM 000035
___awdiv@quotient                                          cstackCOMRAM 000039
___awdiv@sign                                              cstackCOMRAM 000038
___awmod                                                   text2        000BCE
___awmod@counter                                           cstackCOMRAM 000037
___awmod@dividend                                          cstackCOMRAM 000033
___awmod@divisor                                           cstackCOMRAM 000035
___awmod@sign                                              cstackCOMRAM 000038
___inthi_sp                                                stack        000000
___intlo_sp                                                stack        000000
___param_bank                                              (abs)        000000
___rparam_used                                             (abs)        000001
___sp                                                      stack        000000
___wmul                                                    text1        000E4A
___wmul@multiplicand                                       cstackCOMRAM 000035
___wmul@multiplier                                         cstackCOMRAM 000033
___wmul@product                                            cstackCOMRAM 000037
__accesstop                                                (abs)        000080
__activetblptr                                             (abs)        000002
__cntErrataNOP_C:\Users\Nathan\AppData\Local\Temp\s45c.o   (abs)        000001
__cntErrataNOP_dist/default/production\Lab3.X.production.o (abs)        000090
__end_of_Clear1                                            smallconst   000615
__end_of_Clear2                                            smallconst   00060B
__end_of_Initialize_LCD                                    text6        000D7C
__end_of_Initialize_PIC                                    text5        000EA6
__end_of_LCDstr                                            smallconst   00061D
__end_of_Print_To_LCD                                      text4        000E18
__end_of___awdiv                                           text3        000BCE
__end_of___awmod                                           text2        000CD4
__end_of___wmul                                            text1        000E7A
__end_of__initialization                                   cinit        000EC6
__end_of_main                                              text0        000AB4
__initialization                                           cinit        000EA6
__mediumconst                                              mediumconst  000000
__pcinit                                                   cinit        000EA6
__pcstackCOMRAM                                            cstackCOMRAM 000033
__pdataCOMRAM                                              dataCOMRAM   000001
__pidataCOMRAM                                             idataCOMRAM  000E18
__psmallconst                                              smallconst   000600
__ptext0                                                   text0        00061E
__ptext1                                                   text1        000E4A
__ptext2                                                   text2        000BCE
__ptext3                                                   text3        000AB4
__ptext4                                                   text4        000D7C
__ptext5                                                   text5        000E7A
__ptext6                                                   text6        000CD4
__ramtop                                                   ramtop       000600
__size_of_Initialize_LCD                                   (abs)        000000
__size_of_Initialize_PIC                                   (abs)        000000
__size_of_Print_To_LCD                                     (abs)        000000
__size_of___awdiv                                          (abs)        000000
__size_of___awmod                                          (abs)        000000
__size_of___wmul                                           (abs)        000000
__size_of_main                                             (abs)        000000
__smallconst                                               smallconst   000600
_main                                                      text0        00061E
_mult                                                      dataCOMRAM   000001
_not_1                                                     dataCOMRAM   000015
_not_2                                                     dataCOMRAM   00000B
end_of_initialization                                      cinit        000EC6
intlevel0                                                  text         000ED0
intlevel1                                                  text         000ED0
intlevel2                                                  text         000ED0
intlevel3                                                  text         000ED0
main@b                                                     cstackCOMRAM 000041
main@c                                                     cstackCOMRAM 000043
main@res                                                   cstackCOMRAM 000045
stackhi                                                    (abs)        0005FF
stacklo                                                    (abs)        000080
start                                                      init         000002
start_initialization                                       cinit        000EA6


FUNCTION INFORMATION:

 *************** function _main *****************
 Defined at:
		line 56 in file "lab3.c"
 Parameters:    Size  Location     Type
		None
 Auto vars:     Size  Location     Type
  out             4    0        unsigned char [4]
  res             2   18[COMRAM] int 
  c               2   16[COMRAM] int 
  b               2   14[COMRAM] int 
 Return value:  Size  Location     Type
                  1    wreg      void 
 Registers used:
		wreg, fsr0l, fsr0h, status,2, status,0, tblptrl, tblptrh, tblptru, prodl, prodh, cstack
 Tracked objects:
		On entry : 
		On exit  : 
		Unchanged: 
 Data sizes:     COMRAM   BANK0   BANK1   BANK2   BANK3   BANK4   BANK5
      Params:         0       0       0       0       0       0       0
      Locals:         6       0       0       0       0       0       0
      Temps:          6       0       0       0       0       0       0
      Totals:        12       0       0       0       0       0       0
Total ram usage:       12 bytes
 Hardware stack levels required when called:    2
 This function calls:
		_Initialize_PIC
		_Print_To_LCD
		___awdiv
		___awmod
		___wmul
 This function is called by:
		Startup code after reset
 This function uses a non-reentrant model


 *************** function ___wmul *****************
 Defined at:
		line 15 in file "C:\Program Files (x86)\Microchip\xc8\v2.00\pic\sources\c90\common\Umul16.c"
 Parameters:    Size  Location     Type
  multiplier      2    0[COMRAM] unsigned int 
  multiplicand    2    2[COMRAM] unsigned int 
 Auto vars:     Size  Location     Type
  product         2    4[COMRAM] unsigned int 
 Return value:  Size  Location     Type
                  2    0[COMRAM] unsigned int 
 Registers used:
		wreg, status,2, status,0, prodl, prodh
 Tracked objects:
		On entry : 
		On exit  : 
		Unchanged: 
 Data sizes:     COMRAM   BANK0   BANK1   BANK2   BANK3   BANK4   BANK5
      Params:         4       0       0       0       0       0       0
      Locals:         2       0       0       0       0       0       0
      Temps:          0       0       0       0       0       0       0
      Totals:         6       0       0       0       0       0       0
Total ram usage:        6 bytes
 Hardware stack levels used:    1
 This function calls:
		Nothing
 This function is called by:
		_main
 This function uses a non-reentrant model


 *************** function ___awmod *****************
 Defined at:
		line 7 in file "C:\Program Files (x86)\Microchip\xc8\v2.00\pic\sources\c90\common\awmod.c"
 Parameters:    Size  Location     Type
  dividend        2    0[COMRAM] int 
  divisor         2    2[COMRAM] int 
 Auto vars:     Size  Location     Type
  sign            1    5[COMRAM] unsigned char 
  counter         1    4[COMRAM] unsigned char 
 Return value:  Size  Location     Type
                  2    0[COMRAM] int 
 Registers used:
		wreg, status,2, status,0
 Tracked objects:
		On entry : 
		On exit  : 
		Unchanged: 
 Data sizes:     COMRAM   BANK0   BANK1   BANK2   BANK3   BANK4   BANK5
      Params:         4       0       0       0       0       0       0
      Locals:         2       0       0       0       0       0       0
      Temps:          0       0       0       0       0       0       0
      Totals:         6       0       0       0       0       0       0
Total ram usage:        6 bytes
 Hardware stack levels used:    1
 This function calls:
		Nothing
 This function is called by:
		_main
 This function uses a non-reentrant model


 *************** function ___awdiv *****************
 Defined at:
		line 7 in file "C:\Program Files (x86)\Microchip\xc8\v2.00\pic\sources\c90\common\awdiv.c"
 Parameters:    Size  Location     Type
  dividend        2    0[COMRAM] int 
  divisor         2    2[COMRAM] int 
 Auto vars:     Size  Location     Type
  quotient        2    6[COMRAM] int 
  sign            1    5[COMRAM] unsigned char 
  counter         1    4[COMRAM] unsigned char 
 Return value:  Size  Location     Type
                  2    0[COMRAM] int 
 Registers used:
		wreg, status,2, status,0
 Tracked objects:
		On entry : 
		On exit  : 
		Unchanged: 
 Data sizes:     COMRAM   BANK0   BANK1   BANK2   BANK3   BANK4   BANK5
      Params:         4       0       0       0       0       0       0
      Locals:         4       0       0       0       0       0       0
      Temps:          0       0       0       0       0       0       0
      Totals:         8       0       0       0       0       0       0
Total ram usage:        8 bytes
 Hardware stack levels used:    1
 This function calls:
		Nothing
 This function is called by:
		_main
 This function uses a non-reentrant model


 *************** function _Print_To_LCD *****************
 Defined at:
		line 222 in file "lab3.c"
 Parameters:    Size  Location     Type
  tempPtr         2    0[COMRAM] PTR const unsigned char 
		 -> not_1(10), not_2(10), Str_2(10), mult(10), 
		 -> Str_1(10), Clear2(10), Clear1(10), 
 Auto vars:     Size  Location     Type
  currentChar     1    3[COMRAM] unsigned char 
 Return value:  Size  Location     Type
                  1    wreg      void 
 Registers used:
		wreg, fsr0l, fsr0h, status,2, status,0, tblptrl, tblptrh, tblptru
 Tracked objects:
		On entry : 
		On exit  : 
		Unchanged: 
 Data sizes:     COMRAM   BANK0   BANK1   BANK2   BANK3   BANK4   BANK5
      Params:         2       0       0       0       0       0       0
      Locals:         1       0       0       0       0       0       0
      Temps:          1       0       0       0       0       0       0
      Totals:         4       0       0       0       0       0       0
Total ram usage:        4 bytes
 Hardware stack levels used:    1
 This function calls:
		Nothing
 This function is called by:
		_main
 This function uses a non-reentrant model


 *************** function _Initialize_PIC *****************
 Defined at:
		line 159 in file "lab3.c"
 Parameters:    Size  Location     Type
		None
 Auto vars:     Size  Location     Type
		None
 Return value:  Size  Location     Type
                  1    wreg      void 
 Registers used:
		wreg, status,2, status,0, tblptrl, tblptrh, tblptru, cstack
 Tracked objects:
		On entry : 
		On exit  : 
		Unchanged: 
 Data sizes:     COMRAM   BANK0   BANK1   BANK2   BANK3   BANK4   BANK5
      Params:         0       0       0       0       0       0       0
      Locals:         0       0       0       0       0       0       0
      Temps:          0       0       0       0       0       0       0
      Totals:         0       0       0       0       0       0       0
Total ram usage:        0 bytes
 Hardware stack levels used:    1
 Hardware stack levels required when called:    1
 This function calls:
		_Initialize_LCD
 This function is called by:
		_main
 This function uses a non-reentrant model


 *************** function _Initialize_LCD *****************
 Defined at:
		line 184 in file "lab3.c"
 Parameters:    Size  Location     Type
		None
 Auto vars:     Size  Location     Type
  tempPtr         2    2[COMRAM] PTR unsigned char 
		 -> LCDstr(8), 
  currentChar     1    4[COMRAM] unsigned char 
 Return value:  Size  Location     Type
                  1    wreg      void 
 Registers used:
		wreg, status,2, status,0, tblptrl, tblptrh, tblptru
 Tracked objects:
		On entry : 
		On exit  : 
		Unchanged: 
 Data sizes:     COMRAM   BANK0   BANK1   BANK2   BANK3   BANK4   BANK5
      Params:         0       0       0       0       0       0       0
      Locals:         3       0       0       0       0       0       0
      Temps:          2       0       0       0       0       0       0
      Totals:         5       0       0       0       0       0       0
Total ram usage:        5 bytes
 Hardware stack levels used:    1
 This function calls:
		Nothing
 This function is called by:
		_Initialize_PIC
 This function uses a non-reentrant model



MODULE INFORMATION

Module		Function		Class		Link	Load	Size
C:\Program Files (x86)\Microchip\xc8\v2.00\pic\sources\c90\common\awmod.c
		___awmod       		CODE           	0BCE	0000	263

C:\Program Files (x86)\Microchip\xc8\v2.00\pic\sources\c90\common\awmod.c estimated size: 263

C:\Program Files (x86)\Microchip\xc8\v2.00\pic\sources\c90\common\Umul16.c
		___wmul        		CODE           	0E4A	0000	49

C:\Program Files (x86)\Microchip\xc8\v2.00\pic\sources\c90\common\Umul16.c estimated size: 49

C:\Program Files (x86)\Microchip\xc8\v2.00\pic\sources\c90\common\awdiv.c
		___awdiv       		CODE           	0AB4	0000	283

C:\Program Files (x86)\Microchip\xc8\v2.00\pic\sources\c90\common\awdiv.c estimated size: 283

shared
		_Clear1        		SMALLCONST     	060B	0000	11
		_LCDstr        		SMALLCONST     	0615	0000	9
		__initialization		CODE           	0EA6	0000	33
		_Clear2        		SMALLCONST     	0601	0000	11

shared estimated size: 64

lab3.c
		_main          		CODE           	061E	0000	1175
		_Initialize_LCD		CODE           	0CD4	0000	169
		_Initialize_PIC		CODE           	0E7A	0000	45
		_Print_To_LCD  		CODE           	0D7C	0000	157

lab3.c estimated size: 1546

