Microchip MPLAB XC8 Compiler V2.00 ()

Linker command line:

-W-3 --edf=C:\Program Files (x86)\Microchip\xc8\v2.00\pic\dat\en_msgs.txt \
  -cs -h+dist/default/production\Lab5.X.production.sym \
  --cmf=dist/default/production\Lab5.X.production.cmf -z -Q18F452 \
  -oC:\Users\Nathan\AppData\Local\Temp\sc24.2 --defsym=__MPLAB_BUILD=1 \
  -Mdist/default/production/Lab5.X.production.map -E1 -ver=XC8 --acfsm=1493 \
  -ASTACK=0B9h-05ffh -pstack=STACK -ACODE=00h-03FFFhx2 -ACONST=00h-07FFFh \
  -ASMALLCONST=0600h-06FFhx122 -AMEDIUMCONST=0600h-07FFFh -ACOMRAM=01h-07Fh \
  -AABS1=00h-05FFh -ABIGRAM=01h-05FFh -ARAM=080h-0FFh,0100h-01FFhx5 \
  -ABANK0=080h-0FFh -ABANK1=0100h-01FFh -ABANK2=0200h-02FFh \
  -ABANK3=0300h-03FFh -ABANK4=0400h-04FFh -ABANK5=0500h-05FFh \
  -ASFR=0F80h-0FFFh -preset_vec=00h,intcode,intcodelo,powerup,init \
  -pramtop=0600h -psmallconst=SMALLCONST -pmediumconst=MEDIUMCONST \
  -pconst=CONST -AFARRAM=00h-00h -ACONFIG=0300000h-030000Dh -pconfig=CONFIG \
  -AIDLOC=0200000h-0200007h -pidloc=IDLOC -AEEDATA=0F00000h-0F000FFh \
  -peeprom_data=EEDATA \
  -prdata=COMRAM,nvrram=COMRAM,nvbit=COMRAM,rbss=COMRAM,rbit=COMRAM \
  -pfarbss=FARRAM,fardata=FARRAM,nvFARRAM=FARRAM \
  -pintsave_regs=BIGRAM,bigbss=BIGRAM,bigdata=BIGRAM -pbss=RAM \
  -pidata=CODE,irdata=CODE,ibigdata=CODE,ifardata=CODE -prparam=COMRAM \
  C:\Users\Nathan\AppData\Local\Temp\sc24.o \
  dist/default/production\Lab5.X.production.o 

Object code version is 3.11

Machine type is 18F452

Call graph: (short form)




                Name                               Link     Load   Length Selector   Space Scale
C:\Users\Nathan\AppData\Local\Temp\sc24.o
                text                               2F44     2F44        2      321       0
                init                                  2        2        4        0       0
                reset_vec                             0        0        2        0       0
                idloc                            200000   200000        8   200000       0
                config                           300000   300000        E   300000       0
dist/default/production\Lab5.X.production.o
                smallconst                          600      600       42      300       0
                text21                             2C72     2C72       A8      321       0
                text20                             2F04     2F04       2C      321       0
                text19                             2D1A     2D1A       9C      321       0
                text18                             28BC     28BC      11A      321       0
                text17                             29D6     29D6      106      321       0
                text16                             24EE     24EE      162      321       0
                text15                             2DB6     2DB6       82      321       0
                text14                             2650     2650      14E      321       0
                text13                             119C     119C      4B8      321       0
                text12                             2E88     2E88       4C      321       0
                text11                              642      642      670      321       0
                text10                             2E38     2E38       50      321       0
                text9                               CB2      CB2      4EA      321       0
                text8                              279E     279E      11E      321       0
                text7                              2076     2076      18C      321       0
                text6                              2202     2202      182      321       0
                text5                              1E54     1E54      222      321       0
                text4                              2ADC     2ADC       D2      321       0
                text3                              2BAE     2BAE       C4      321       0
                text2                              2384     2384      16A      321       0
                text1                              1B02     1B02      352      321       0
                text0                              1654     1654      4AE      321       0
                cstackCOMRAM                          1        1       7F        1       1
                cstackBANK0                          80       80       23       80       1
                dataBANK0                            A3       A3       14       80       1
                bssBANK0                             B7       B7        2       80       1
                cinit                              2ED4     2ED4       30      321       0
                idataBANK0                         2F30     2F30       14      321       0

TOTAL           Name                               Link     Load   Length     Space
        CLASS   STACK          

        CLASS   CODE           
                text                               2F44     2F44        2         0
                init                                  2        2        4         0
                reset_vec                             0        0        2         0
                text21                             2C72     2C72       A8         0
                text20                             2F04     2F04       2C         0
                text19                             2D1A     2D1A       9C         0
                text18                             28BC     28BC      11A         0
                text17                             29D6     29D6      106         0
                text16                             24EE     24EE      162         0
                text15                             2DB6     2DB6       82         0
                text14                             2650     2650      14E         0
                text13                             119C     119C      4B8         0
                text12                             2E88     2E88       4C         0
                text11                              642      642      670         0
                text10                             2E38     2E38       50         0
                text9                               CB2      CB2      4EA         0
                text8                              279E     279E      11E         0
                text7                              2076     2076      18C         0
                text6                              2202     2202      182         0
                text5                              1E54     1E54      222         0
                text4                              2ADC     2ADC       D2         0
                text3                              2BAE     2BAE       C4         0
                text2                              2384     2384      16A         0
                text1                              1B02     1B02      352         0
                text0                              1654     1654      4AE         0
                cinit                              2ED4     2ED4       30         0
                idataBANK0                         2F30     2F30       14         0

        CLASS   CONST          

        CLASS   SMALLCONST     
                smallconst                          600      600       42         0

        CLASS   MEDIUMCONST    

        CLASS   COMRAM         
                cstackCOMRAM                          1        1       7F         1

        CLASS   ABS1           

        CLASS   BIGRAM         

        CLASS   RAM            

        CLASS   BANK0          
                cstackBANK0                          80       80       23         1
                dataBANK0                            A3       A3       14         1
                bssBANK0                             B7       B7        2         1

        CLASS   BANK1          

        CLASS   BANK2          

        CLASS   BANK3          

        CLASS   BANK4          

        CLASS   BANK5          

        CLASS   SFR            

        CLASS   FARRAM         

        CLASS   CONFIG         
                config                           300000   300000        E         0

        CLASS   IDLOC          
                idloc                            200000   200000        8         0

        CLASS   EEDATA         



SEGMENTS        Name                           Load    Length   Top    Selector   Space  Class

                reset_vec                      000000  000006  000006         0       0  CODE    
                cstackCOMRAM                   000001  00007F  000080         1       1  COMRAM  
                cstackBANK0                    000080  000039  0000B9        80       1  BANK0   
                smallconst                     000600  000042  000642       300       0  SMALLCON
                text11                         000642  002904  002F46       321       0  CODE    
                idloc                          200000  000008  200008    200000       0  IDLOC   
                config                         300000  00000E  30000E    300000       0  CONFIG  


UNUSED ADDRESS RANGES

        Name                Unused          Largest block    Delta
        BANK0            0000B9-0000FF               47
        BANK1            000100-0001FF              100
        BANK2            000200-0002FF              100
        BANK3            000300-0003FF              100
        BANK4            000400-0004FF              100
        BANK5            000500-0005FF              100
        BIGRAM           0000B9-0005FF              547
        CODE             000006-0005FF              5FA
                         002F46-007FFF             10BA
        CONST            000006-0005FF              5FA
                         002F46-007FFF             50BA
        EEDATA           F00000-F000FF              100
        MEDIUMCONST      002F46-007FFF             50BA
        RAM              0000B9-0005FF              100
        SFR              000F80-000FFF               80
        SMALLCONST       002F46-007FFF              100
        STACK            0000B9-0005FF              547

                                  Symbol Table

?___aldiv                                                  cstackCOMRAM 00000D
?___awdiv                                                  cstackCOMRAM 000007
?___awmod                                                  cstackCOMRAM 000001
?___fladd                                                  cstackCOMRAM 000032
?___fldiv                                                  cstackCOMRAM 000056
?___flmul                                                  cstackCOMRAM 000019
?___flneg                                                  cstackCOMRAM 000001
?___flsub                                                  cstackCOMRAM 000050
?___fltol                                                  cstackCOMRAM 000001
?___lmul                                                   cstackCOMRAM 000001
?___xxtofl                                                 cstackCOMRAM 00000B
?_eval_poly                                                cstackCOMRAM 000046
?_floor                                                    cstackCOMRAM 000046
?_get_Voltage                                              cstackCOMRAM 00001B
?_sin                                                      cstackCOMRAM 00006F
Initialize_LCD@currentChar                                 cstackCOMRAM 000005
Initialize_LCD@tempPtr                                     cstackCOMRAM 000003
Print_To_LCD@currentChar                                   cstackCOMRAM 000004
Print_To_LCD@tempPtr                                       cstackCOMRAM 000001
_ADCON0                                                    (abs)        000FC2
_ADCON0bits                                                (abs)        000FC2
_ADCON1                                                    (abs)        000FC1
_ADRESH                                                    (abs)        000FC4
_ADRESL                                                    (abs)        000FC3
_Clear1                                                    smallconst   00062F
_Clear2                                                    smallconst   000625
_Initialize_LCD                                            text21       002C72
_Initialize_PIC                                            text20       002F04
_LCDstr                                                    smallconst   000639
_PORTA                                                     (abs)        000F80
_PORTAbits                                                 (abs)        000F80
_PORTCbits                                                 (abs)        000F82
_PORTD                                                     (abs)        000F83
_PORTEbits                                                 (abs)        000F84
_Print_To_LCD                                              text19       002D1A
_SSPBUF                                                    (abs)        000FC9
_SSPCON1                                                   (abs)        000FC6
_SSPSTAT                                                   (abs)        000FC7
_SSPSTATbits                                               (abs)        000FC7
_Str_1                                                     dataBANK0    0000AD
_Str_2                                                     dataBANK0    0000A3
_TRISA                                                     (abs)        000F92
_TRISB                                                     (abs)        000F93
_TRISC                                                     (abs)        000F94
_TRISCbits                                                 (abs)        000F94
_TRISD                                                     (abs)        000F95
_TRISE                                                     (abs)        000F96
_TRISEbits                                                 (abs)        000F96
__CFG_BOR$OFF                                              (abs)        000000
__CFG_CCP2MUX$ON                                           (abs)        000000
__CFG_LVP$OFF                                              (abs)        000000
__CFG_OSC$HS                                               (abs)        000000
__CFG_OSCS$OFF                                             (abs)        000000
__CFG_PWRT$OFF                                             (abs)        000000
__CFG_STVR$ON                                              (abs)        000000
__CFG_WDT$OFF                                              (abs)        000000
__HRAM                                                     (abs)        000000
__Habs1                                                    abs1         000000
__Hbank0                                                   bank0        000000
__Hbank1                                                   bank1        000000
__Hbank2                                                   bank2        000000
__Hbank3                                                   bank3        000000
__Hbank4                                                   bank4        000000
__Hbank5                                                   bank5        000000
__Hbigbss                                                  bigbss       000000
__Hbigdata                                                 bigdata      000000
__Hbigram                                                  bigram       000000
__Hbss                                                     bss          000000
__HbssBANK0                                                bssBANK0     000000
__Hcinit                                                   cinit        000000
__Hclrtext                                                 clrtext      000000
__Hcomram                                                  comram       000000
__Hconfig                                                  config       30000E
__Hconst                                                   const        000000
__HcstackBANK0                                             cstackBANK0  000000
__HcstackCOMRAM                                            cstackCOMRAM 000000
__Hdata                                                    data         000000
__HdataBANK0                                               dataBANK0    000000
__Heeprom_data                                             eeprom_data  000000
__Hfarbss                                                  farbss       000000
__Hfardata                                                 fardata      000000
__Hibigdata                                                ibigdata     000000
__Hidata                                                   idata        000000
__HidataBANK0                                              idataBANK0   000000
__Hidloc                                                   idloc        200008
__Hifardata                                                ifardata     000000
__Hinit                                                    init         000006
__Hintcode                                                 intcode      000002
__Hintcode_body                                            intcode_body 000000
__Hintcodelo                                               intcodelo    000002
__Hintentry                                                intentry     000000
__Hintret                                                  intret       000000
__Hintsave_regs                                            intsave_regs 000000
__Hirdata                                                  irdata       000000
__Hmediumconst                                             mediumconst  000000
__HnvFARRAM                                                nvFARRAM     000000
__Hnvbit                                                   nvbit        000000
__Hnvrram                                                  nvrram       000000
__Hparam                                                   rparam       000000
__Hpowerup                                                 powerup      000002
__Hram                                                     ram          000000
__Hramtop                                                  ramtop       000600
__Hrbit                                                    rbit         000000
__Hrbss                                                    rbss         000000
__Hrdata                                                   rdata        000000
__Hreset_vec                                               reset_vec    000002
__Hrparam                                                  rparam       000000
__Hsfr                                                     sfr          000000
__Hsmallconst                                              smallconst   000642
__Hspace_0                                                 (abs)        30000E
__Hspace_1                                                 (abs)        0000B9
__Hspace_2                                                 (abs)        000000
__Hstack                                                   stack        000000
__Hstruct                                                  struct       000000
__Htemp                                                    temp         000000
__Htext                                                    text         000000
__Htext0                                                   text0        000000
__Htext1                                                   text1        000000
__Htext10                                                  text10       000000
__Htext11                                                  text11       000000
__Htext12                                                  text12       000000
__Htext13                                                  text13       000000
__Htext14                                                  text14       000000
__Htext15                                                  text15       000000
__Htext16                                                  text16       000000
__Htext17                                                  text17       000000
__Htext18                                                  text18       000000
__Htext19                                                  text19       000000
__Htext2                                                   text2        000000
__Htext20                                                  text20       000000
__Htext21                                                  text21       000000
__Htext3                                                   text3        000000
__Htext4                                                   text4        000000
__Htext5                                                   text5        000000
__Htext6                                                   text6        000000
__Htext7                                                   text7        000000
__Htext8                                                   text8        000000
__Htext9                                                   text9        000000
__LRAM                                                     (abs)        000001
__Labs1                                                    abs1         000000
__Lbank0                                                   bank0        000000
__Lbank1                                                   bank1        000000
__Lbank2                                                   bank2        000000
__Lbank3                                                   bank3        000000
__Lbank4                                                   bank4        000000
__Lbank5                                                   bank5        000000
__Lbigbss                                                  bigbss       000000
__Lbigdata                                                 bigdata      000000
__Lbigram                                                  bigram       000000
__Lbss                                                     bss          000000
__LbssBANK0                                                bssBANK0     000000
__Lcinit                                                   cinit        000000
__Lclrtext                                                 clrtext      000000
__Lcomram                                                  comram       000000
__Lconfig                                                  config       300000
__Lconst                                                   const        000000
__LcstackBANK0                                             cstackBANK0  000000
__LcstackCOMRAM                                            cstackCOMRAM 000000
__Ldata                                                    data         000000
__LdataBANK0                                               dataBANK0    000000
__Leeprom_data                                             eeprom_data  000000
__Lfarbss                                                  farbss       000000
__Lfardata                                                 fardata      000000
__Libigdata                                                ibigdata     000000
__Lidata                                                   idata        000000
__LidataBANK0                                              idataBANK0   000000
__Lidloc                                                   idloc        200000
__Lifardata                                                ifardata     000000
__Linit                                                    init         000002
__Lintcode                                                 intcode      000002
__Lintcode_body                                            intcode_body 000000
__Lintcodelo                                               intcodelo    000002
__Lintentry                                                intentry     000000
__Lintret                                                  intret       000000
__Lintsave_regs                                            intsave_regs 000000
__Lirdata                                                  irdata       000000
__Lmediumconst                                             mediumconst  000000
__LnvFARRAM                                                nvFARRAM     000000
__Lnvbit                                                   nvbit        000000
__Lnvrram                                                  nvrram       000000
__Lparam                                                   rparam       000000
__Lpowerup                                                 powerup      000002
__Lram                                                     ram          000000
__Lramtop                                                  ramtop       000600
__Lrbit                                                    rbit         000000
__Lrbss                                                    rbss         000000
__Lrdata                                                   rdata        000000
__Lreset_vec                                               reset_vec    000000
__Lrparam                                                  rparam       000000
__Lsfr                                                     sfr          000000
__Lsmallconst                                              smallconst   000600
__Lspace_0                                                 (abs)        000000
__Lspace_1                                                 (abs)        000000
__Lspace_2                                                 (abs)        000000
__Lstack                                                   stack        000000
__Lstruct                                                  struct       000000
__Ltemp                                                    temp         000000
__Ltext                                                    text         000000
__Ltext0                                                   text0        000000
__Ltext1                                                   text1        000000
__Ltext10                                                  text10       000000
__Ltext11                                                  text11       000000
__Ltext12                                                  text12       000000
__Ltext13                                                  text13       000000
__Ltext14                                                  text14       000000
__Ltext15                                                  text15       000000
__Ltext16                                                  text16       000000
__Ltext17                                                  text17       000000
__Ltext18                                                  text18       000000
__Ltext19                                                  text19       000000
__Ltext2                                                   text2        000000
__Ltext20                                                  text20       000000
__Ltext21                                                  text21       000000
__Ltext3                                                   text3        000000
__Ltext4                                                   text4        000000
__Ltext5                                                   text5        000000
__Ltext6                                                   text6        000000
__Ltext7                                                   text7        000000
__Ltext8                                                   text8        000000
__Ltext9                                                   text9        000000
__S0                                                       (abs)        30000E
__S1                                                       (abs)        0000B9
__S2                                                       (abs)        000000
___aldiv                                                   text16       0024EE
___aldiv@counter                                           cstackCOMRAM 000015
___aldiv@dividend                                          cstackCOMRAM 00000D
___aldiv@divisor                                           cstackCOMRAM 000011
___aldiv@quotient                                          cstackCOMRAM 000017
___aldiv@sign                                              cstackCOMRAM 000016
___awdiv                                                   text18       0028BC
___awdiv@counter                                           cstackCOMRAM 00000B
___awdiv@dividend                                          cstackCOMRAM 000007
___awdiv@divisor                                           cstackCOMRAM 000009
___awdiv@quotient                                          cstackCOMRAM 00000D
___awdiv@sign                                              cstackCOMRAM 00000C
___awmod                                                   text17       0029D6
___awmod@counter                                           cstackCOMRAM 000005
___awmod@dividend                                          cstackCOMRAM 000001
___awmod@divisor                                           cstackCOMRAM 000003
___awmod@sign                                              cstackCOMRAM 000006
___fladd                                                   text11       000642
___fladd@a                                                 cstackCOMRAM 000036
___fladd@aexp                                              cstackCOMRAM 000043
___fladd@b                                                 cstackCOMRAM 000032
___fladd@bexp                                              cstackCOMRAM 000044
___fladd@grs                                               cstackCOMRAM 000045
___fladd@signs                                             cstackCOMRAM 000042
___fldiv                                                   text13       00119C
___fldiv@a                                                 cstackCOMRAM 00005A
___fldiv@aexp                                              cstackCOMRAM 00006E
___fldiv@b                                                 cstackCOMRAM 000056
___fldiv@bexp                                              cstackCOMRAM 00006D
___fldiv@grs                                               cstackCOMRAM 000069
___fldiv@new_exp                                           cstackCOMRAM 000067
___fldiv@rem                                               cstackCOMRAM 000062
___fldiv@sign                                              cstackCOMRAM 000066
___fleq                                                    text4        002ADC
___fleq@ff1                                                cstackCOMRAM 000001
___fleq@ff2                                                cstackCOMRAM 000005
___flge                                                    text7        002076
___flge@ff1                                                cstackCOMRAM 000001
___flge@ff2                                                cstackCOMRAM 000005
___flmul                                                   text9        000CB2
___flmul@a                                                 cstackCOMRAM 00001D
___flmul@aexp                                              cstackCOMRAM 00002A
___flmul@b                                                 cstackCOMRAM 000019
___flmul@bexp                                              cstackCOMRAM 00002B
___flmul@grs                                               cstackCOMRAM 000026
___flmul@prod                                              cstackCOMRAM 00002C
___flmul@sign                                              cstackCOMRAM 000025
___flmul@temp                                              cstackCOMRAM 000030
___flneg                                                   text12       002E88
___flneg@f1                                                cstackCOMRAM 000001
___flsub                                                   text10       002E38
___flsub@a                                                 cstackCOMRAM 000054
___flsub@b                                                 cstackCOMRAM 000050
___fltol                                                   text6        002202
___fltol@exp1                                              cstackCOMRAM 00000A
___fltol@f1                                                cstackCOMRAM 000001
___fltol@sign1                                             cstackCOMRAM 000009
___inthi_sp                                                stack        000000
___intlo_sp                                                stack        000000
___lmul                                                    text15       002DB6
___lmul@multiplicand                                       cstackCOMRAM 000005
___lmul@multiplier                                         cstackCOMRAM 000001
___lmul@product                                            cstackCOMRAM 000009
___param_bank                                              (abs)        000000
___rparam_used                                             (abs)        000001
___sp                                                      stack        000000
___xxtofl                                                  text5        001E54
___xxtofl@arg                                              cstackCOMRAM 000015
___xxtofl@exp                                              cstackCOMRAM 000014
___xxtofl@sign                                             cstackCOMRAM 000013
___xxtofl@val                                              cstackCOMRAM 00000B
__accesstop                                                (abs)        000080
__activetblptr                                             (abs)        000002
__cntErrataNOP_C:\Users\Nathan\AppData\Local\Temp\sc24.o   (abs)        000001
__cntErrataNOP_dist/default/production\Lab5.X.production.o (abs)        000209
__end_of_Clear1                                            smallconst   000639
__end_of_Clear2                                            smallconst   00062F
__end_of_Initialize_LCD                                    text21       002D1A
__end_of_Initialize_PIC                                    text20       002F30
__end_of_LCDstr                                            smallconst   000641
__end_of_Print_To_LCD                                      text19       002DB6
__end_of___aldiv                                           text16       002650
__end_of___awdiv                                           text18       0029D6
__end_of___awmod                                           text17       002ADC
__end_of___fladd                                           text11       000CB2
__end_of___fldiv                                           text13       001654
__end_of___fleq                                            text4        002BAE
__end_of___flge                                            text7        002202
__end_of___flmul                                           text9        00119C
__end_of___flneg                                           text12       002ED4
__end_of___flsub                                           text10       002E88
__end_of___fltol                                           text6        002384
__end_of___lmul                                            text15       002E38
__end_of___xxtofl                                          text5        002076
__end_of__initialization                                   cinit        002EFA
__end_of_eval_poly                                         text8        0028BC
__end_of_floor                                             text2        0024EE
__end_of_frexp                                             text3        002C72
__end_of_get_Voltage                                       text14       00279E
__end_of_main                                              text0        001B02
__end_of_sin                                               text1        001E54
__end_ofsin@coeff_a                                        smallconst   000615
__end_ofsin@coeff_b                                        smallconst   000625
__initialization                                           cinit        002ED4
__mediumconst                                              mediumconst  000000
__pbssBANK0                                                bssBANK0     0000B7
__pcinit                                                   cinit        002ED4
__pcstackBANK0                                             cstackBANK0  000080
__pcstackCOMRAM                                            cstackCOMRAM 000001
__pdataBANK0                                               dataBANK0    0000A3
__pidataBANK0                                              idataBANK0   002F30
__psmallconst                                              smallconst   000600
__ptext0                                                   text0        001654
__ptext1                                                   text1        001B02
__ptext10                                                  text10       002E38
__ptext11                                                  text11       000642
__ptext12                                                  text12       002E88
__ptext13                                                  text13       00119C
__ptext14                                                  text14       002650
__ptext15                                                  text15       002DB6
__ptext16                                                  text16       0024EE
__ptext17                                                  text17       0029D6
__ptext18                                                  text18       0028BC
__ptext19                                                  text19       002D1A
__ptext2                                                   text2        002384
__ptext20                                                  text20       002F04
__ptext21                                                  text21       002C72
__ptext3                                                   text3        002BAE
__ptext4                                                   text4        002ADC
__ptext5                                                   text5        001E54
__ptext6                                                   text6        002202
__ptext7                                                   text7        002076
__ptext8                                                   text8        00279E
__ptext9                                                   text9        000CB2
__ramtop                                                   ramtop       000600
__size_of_Initialize_LCD                                   (abs)        000000
__size_of_Initialize_PIC                                   (abs)        000000
__size_of_Print_To_LCD                                     (abs)        000000
__size_of___aldiv                                          (abs)        000000
__size_of___awdiv                                          (abs)        000000
__size_of___awmod                                          (abs)        000000
__size_of___fladd                                          (abs)        000000
__size_of___fldiv                                          (abs)        000000
__size_of___fleq                                           (abs)        000000
__size_of___flge                                           (abs)        000000
__size_of___flmul                                          (abs)        000000
__size_of___flneg                                          (abs)        000000
__size_of___flsub                                          (abs)        000000
__size_of___fltol                                          (abs)        000000
__size_of___lmul                                           (abs)        000000
__size_of___xxtofl                                         (abs)        000000
__size_of_eval_poly                                        (abs)        000000
__size_of_floor                                            (abs)        000000
__size_of_frexp                                            (abs)        000000
__size_of_get_Voltage                                      (abs)        000000
__size_of_main                                             (abs)        000000
__size_of_sin                                              (abs)        000000
__smallconst                                               smallconst   000600
_errno                                                     bssBANK0     0000B7
_eval_poly                                                 text8        00279E
_floor                                                     text2        002384
_frexp                                                     text3        002BAE
_get_Voltage                                               text14       002650
_main                                                      text0        001654
_main$1317                                                 cstackBANK0  000086
_main$1318                                                 cstackBANK0  00008A
_main$1319                                                 cstackBANK0  00008E
_sin                                                       text1        001B02
_sin$1320                                                  cstackCOMRAM 000077
end_of_initialization                                      cinit        002EFA
eval_poly@d                                                cstackCOMRAM 00004A
eval_poly@n                                                cstackCOMRAM 00004C
eval_poly@res                                              cstackCOMRAM 000052
eval_poly@x                                                cstackCOMRAM 000046
floor@expon                                                cstackCOMRAM 00004E
floor@i                                                    cstackCOMRAM 00004A
floor@x                                                    cstackCOMRAM 000046
frexp@eptr                                                 cstackCOMRAM 000011
frexp@value                                                cstackCOMRAM 00000D
get_Voltage@ac0                                            cstackCOMRAM 00001B
get_Voltage@ac1                                            cstackCOMRAM 00001D
get_Voltage@adHigh                                         cstackCOMRAM 00002F
get_Voltage@adLow                                          cstackCOMRAM 00002B
get_Voltage@fullAD                                         cstackCOMRAM 000033
get_Voltage@maxv                                           cstackCOMRAM 000023
get_Voltage@minv                                           cstackCOMRAM 000021
get_Voltage@temp1                                          cstackCOMRAM 00001F
get_Voltage@v                                              cstackCOMRAM 000029
intlevel0                                                  text         002F44
intlevel1                                                  text         002F44
intlevel2                                                  text         002F44
intlevel3                                                  text         002F44
main@a                                                     cstackBANK0  000097
main@a1                                                    cstackBANK0  000082
main@controlByte                                           cstackBANK0  000092
main@dataByte                                              cstackBANK0  000094
main@deci                                                  cstackBANK0  000096
main@f                                                     cstackBANK0  000099
main@hundo                                                 cstackBANK0  000093
main@i                                                     cstackBANK0  00009B
main@temp                                                  cstackBANK0  00009F
main@whole                                                 cstackBANK0  000095
sin@coeff_a                                                smallconst   000601
sin@coeff_b                                                smallconst   000615
sin@f                                                      cstackCOMRAM 00006F
sin@sgn                                                    cstackCOMRAM 00007F
sin@x2                                                     cstackCOMRAM 00007B
sin@y                                                      cstackCOMRAM 000073
stackhi                                                    (abs)        0005FF
stacklo                                                    (abs)        0000B9
start                                                      init         000002
start_initialization                                       cinit        002ED4


FUNCTION INFORMATION:

 *************** function _main *****************
 Defined at:
		line 52 in file "lab5.c"
 Parameters:    Size  Location     Type
		None
 Auto vars:     Size  Location     Type
  temp            4   31[BANK0 ] float 
  i               4   27[BANK0 ] float 
  a1              4    2[BANK0 ] float 
  f               2   25[BANK0 ] int 
  a               2   23[BANK0 ] int 
  deci            1   22[BANK0 ] unsigned char 
  whole           1   21[BANK0 ] unsigned char 
  hundo           1   19[BANK0 ] unsigned char 
  dataByte        1   20[BANK0 ] unsigned char 
  controlByte     1   18[BANK0 ] unsigned char 
 Return value:  Size  Location     Type
                  1    wreg      void 
 Registers used:
		wreg, fsr2l, fsr2h, status,2, status,0, tblptrl, tblptrh, tblptru, prodl, prodh, cstack
 Tracked objects:
		On entry : 
		On exit  : 
		Unchanged: 
 Data sizes:     COMRAM   BANK0   BANK1   BANK2   BANK3   BANK4   BANK5
      Params:         0       0       0       0       0       0       0
      Locals:         0      33       0       0       0       0       0
      Temps:          0       2       0       0       0       0       0
      Totals:         0      35       0       0       0       0       0
Total ram usage:       35 bytes
 Hardware stack levels required when called:    4
 This function calls:
		_Initialize_PIC
		_Print_To_LCD
		___awdiv
		___awmod
		___fladd
		___fldiv
		___flge
		___flmul
		___fltol
		___xxtofl
		_get_Voltage
		_sin
 This function is called by:
		Startup code after reset
 This function uses a non-reentrant model


 *************** function _sin *****************
 Defined at:
		line 13 in file "C:\Program Files (x86)\Microchip\xc8\v2.00\pic\sources\c90\common\sin.c"
 Parameters:    Size  Location     Type
  f               4  110[COMRAM] void 
 Auto vars:     Size  Location     Type
  x2              4  122[COMRAM] void 
  y               4  114[COMRAM] void 
  sgn             1  126[COMRAM] unsigned char 
 Return value:  Size  Location     Type
                  4  110[COMRAM] unsigned char 
 Registers used:
		wreg, fsr2l, fsr2h, status,2, status,0, tblptrl, tblptrh, tblptru, prodl, prodh, cstack
 Tracked objects:
		On entry : 
		On exit  : 
		Unchanged: 
 Data sizes:     COMRAM   BANK0   BANK1   BANK2   BANK3   BANK4   BANK5
      Params:         4       0       0       0       0       0       0
      Locals:        13       0       0       0       0       0       0
      Temps:          0       0       0       0       0       0       0
      Totals:        17       0       0       0       0       0       0
Total ram usage:       17 bytes
 Hardware stack levels used:    1
 Hardware stack levels required when called:    3
 This function calls:
		___fladd
		___fldiv
		___flge
		___flmul
		___flneg
		___flsub
		_eval_poly
		_floor
 This function is called by:
		_main
 This function uses a non-reentrant model


 *************** function _floor *****************
 Defined at:
		line 13 in file "C:\Program Files (x86)\Microchip\xc8\v2.00\pic\sources\c90\common\floor.c"
 Parameters:    Size  Location     Type
  x               4   69[COMRAM] unsigned char 
 Auto vars:     Size  Location     Type
  i               4   73[COMRAM] unsigned char 
  expon           2   77[COMRAM] int 
 Return value:  Size  Location     Type
                  4   69[COMRAM] int 
 Registers used:
		wreg, fsr2l, fsr2h, status,2, status,0, cstack
 Tracked objects:
		On entry : 
		On exit  : 
		Unchanged: 
 Data sizes:     COMRAM   BANK0   BANK1   BANK2   BANK3   BANK4   BANK5
      Params:         4       0       0       0       0       0       0
      Locals:         6       0       0       0       0       0       0
      Temps:          0       0       0       0       0       0       0
      Totals:        10       0       0       0       0       0       0
Total ram usage:       10 bytes
 Hardware stack levels used:    1
 Hardware stack levels required when called:    2
 This function calls:
		___fladd
		___flge
		___fltol
		___xxtofl
		_frexp
 This function is called by:
		_sin
 This function uses a non-reentrant model


 *************** function _frexp *****************
 Defined at:
		line 254 in file "C:\Program Files (x86)\Microchip\xc8\v2.00\pic\sources\c90\common\frexp.c"
 Parameters:    Size  Location     Type
  value           4   12[COMRAM] int 
  eptr            2   16[COMRAM] PTR int 
		 -> floor@expon(2), 
 Auto vars:     Size  Location     Type
		None
 Return value:  Size  Location     Type
                  4   12[COMRAM] PTR int 
 Registers used:
		wreg, fsr2l, fsr2h, status,2, status,0, cstack
 Tracked objects:
		On entry : 
		On exit  : 
		Unchanged: 
 Data sizes:     COMRAM   BANK0   BANK1   BANK2   BANK3   BANK4   BANK5
      Params:         6       0       0       0       0       0       0
      Locals:         0       0       0       0       0       0       0
      Temps:          2       0       0       0       0       0       0
      Totals:         8       0       0       0       0       0       0
Total ram usage:        8 bytes
 Hardware stack levels used:    1
 Hardware stack levels required when called:    1
 This function calls:
		___fleq
 This function is called by:
		_floor
 This function uses a non-reentrant model


 *************** function ___fleq *****************
 Defined at:
		line 4 in file "C:\Program Files (x86)\Microchip\xc8\v2.00\pic\sources\c90\common\fleq.c"
 Parameters:    Size  Location     Type
  ff1             4    0[COMRAM] PTR int 
  ff2             4    4[COMRAM] PTR int 
 Auto vars:     Size  Location     Type
		None
 Return value:  Size  Location     Type
		None               void
 Registers used:
		wreg, status,2, status,0
 Tracked objects:
		On entry : 
		On exit  : 
		Unchanged: 
 Data sizes:     COMRAM   BANK0   BANK1   BANK2   BANK3   BANK4   BANK5
      Params:         8       0       0       0       0       0       0
      Locals:         0       0       0       0       0       0       0
      Temps:          4       0       0       0       0       0       0
      Totals:        12       0       0       0       0       0       0
Total ram usage:       12 bytes
 Hardware stack levels used:    1
 This function calls:
		Nothing
 This function is called by:
		_frexp
 This function uses a non-reentrant model


 *************** function ___xxtofl *****************
 Defined at:
		line 10 in file "C:\Program Files (x86)\Microchip\xc8\v2.00\pic\sources\c90\common\xxtofl.c"
 Parameters:    Size  Location     Type
  sign            1    wreg     unsigned char 
  val             4   10[COMRAM] long 
 Auto vars:     Size  Location     Type
  sign            1   18[COMRAM] unsigned char 
  arg             4   20[COMRAM] unsigned long 
  exp             1   19[COMRAM] unsigned char 
 Return value:  Size  Location     Type
                  4   10[COMRAM] unsigned char 
 Registers used:
		wreg, status,2, status,0
 Tracked objects:
		On entry : 
		On exit  : 
		Unchanged: 
 Data sizes:     COMRAM   BANK0   BANK1   BANK2   BANK3   BANK4   BANK5
      Params:         4       0       0       0       0       0       0
      Locals:         6       0       0       0       0       0       0
      Temps:          4       0       0       0       0       0       0
      Totals:        14       0       0       0       0       0       0
Total ram usage:       14 bytes
 Hardware stack levels used:    1
 This function calls:
		Nothing
 This function is called by:
		_main
		_floor
 This function uses a non-reentrant model


 *************** function ___fltol *****************
 Defined at:
		line 43 in file "C:\Program Files (x86)\Microchip\xc8\v2.00\pic\sources\c90\common\fltol.c"
 Parameters:    Size  Location     Type
  f1              4    0[COMRAM] unsigned char 
 Auto vars:     Size  Location     Type
  exp1            1    9[COMRAM] unsigned char 
  sign1           1    8[COMRAM] unsigned char 
 Return value:  Size  Location     Type
                  4    0[COMRAM] long 
 Registers used:
		wreg, status,2, status,0
 Tracked objects:
		On entry : 
		On exit  : 
		Unchanged: 
 Data sizes:     COMRAM   BANK0   BANK1   BANK2   BANK3   BANK4   BANK5
      Params:         4       0       0       0       0       0       0
      Locals:         2       0       0       0       0       0       0
      Temps:          4       0       0       0       0       0       0
      Totals:        10       0       0       0       0       0       0
Total ram usage:       10 bytes
 Hardware stack levels used:    1
 This function calls:
		Nothing
 This function is called by:
		_main
		_floor
 This function uses a non-reentrant model


 *************** function ___flge *****************
 Defined at:
		line 4 in file "C:\Program Files (x86)\Microchip\xc8\v2.00\pic\sources\c90\common\flge.c"
 Parameters:    Size  Location     Type
  ff1             4    0[COMRAM] long 
  ff2             4    4[COMRAM] long 
 Auto vars:     Size  Location     Type
		None
 Return value:  Size  Location     Type
		None               void
 Registers used:
		wreg, status,2, status,0
 Tracked objects:
		On entry : 
		On exit  : 
		Unchanged: 
 Data sizes:     COMRAM   BANK0   BANK1   BANK2   BANK3   BANK4   BANK5
      Params:         8       0       0       0       0       0       0
      Locals:         0       0       0       0       0       0       0
      Temps:          4       0       0       0       0       0       0
      Totals:        12       0       0       0       0       0       0
Total ram usage:       12 bytes
 Hardware stack levels used:    1
 This function calls:
		Nothing
 This function is called by:
		_main
		_sin
		_floor
 This function uses a non-reentrant model


 *************** function _eval_poly *****************
 Defined at:
		line 4 in file "C:\Program Files (x86)\Microchip\xc8\v2.00\pic\sources\c90\common\evalpoly.c"
 Parameters:    Size  Location     Type
  x               4   69[COMRAM] long 
  d               2   73[COMRAM] PTR const 
		 -> sin@coeff_a(20), sin@coeff_b(16), 
  n               2   75[COMRAM] int 
 Auto vars:     Size  Location     Type
  res             4   81[COMRAM] int 
 Return value:  Size  Location     Type
                  4   69[COMRAM] int 
 Registers used:
		wreg, status,2, status,0, tblptrl, tblptrh, tblptru, prodl, prodh, cstack
 Tracked objects:
		On entry : 
		On exit  : 
		Unchanged: 
 Data sizes:     COMRAM   BANK0   BANK1   BANK2   BANK3   BANK4   BANK5
      Params:         8       0       0       0       0       0       0
      Locals:         4       0       0       0       0       0       0
      Temps:          4       0       0       0       0       0       0
      Totals:        16       0       0       0       0       0       0
Total ram usage:       16 bytes
 Hardware stack levels used:    1
 Hardware stack levels required when called:    1
 This function calls:
		___fladd
		___flmul
 This function is called by:
		_sin
 This function uses a non-reentrant model


 *************** function ___flmul *****************
 Defined at:
		line 8 in file "C:\Program Files (x86)\Microchip\xc8\v2.00\pic\sources\c90\common\sprcmul.c"
 Parameters:    Size  Location     Type
  b               4   24[COMRAM] int 
  a               4   28[COMRAM] int 
 Auto vars:     Size  Location     Type
  prod            4   43[COMRAM] struct .
  grs             4   37[COMRAM] unsigned long 
  temp            2   47[COMRAM] struct .
  bexp            1   42[COMRAM] unsigned char 
  aexp            1   41[COMRAM] unsigned char 
  sign            1   36[COMRAM] unsigned char 
 Return value:  Size  Location     Type
                  4   24[COMRAM] unsigned char 
 Registers used:
		wreg, status,2, status,0, prodl, prodh
 Tracked objects:
		On entry : 
		On exit  : 
		Unchanged: 
 Data sizes:     COMRAM   BANK0   BANK1   BANK2   BANK3   BANK4   BANK5
      Params:         8       0       0       0       0       0       0
      Locals:        13       0       0       0       0       0       0
      Temps:          4       0       0       0       0       0       0
      Totals:        25       0       0       0       0       0       0
Total ram usage:       25 bytes
 Hardware stack levels used:    1
 This function calls:
		Nothing
 This function is called by:
		_main
		_sin
		_eval_poly
 This function uses a non-reentrant model


 *************** function ___flsub *****************
 Defined at:
		line 245 in file "C:\Program Files (x86)\Microchip\xc8\v2.00\pic\sources\c90\common\sprcadd.c"
 Parameters:    Size  Location     Type
  b               4   79[COMRAM] unsigned char 
  a               4   83[COMRAM] unsigned char 
 Auto vars:     Size  Location     Type
		None
 Return value:  Size  Location     Type
                  4   79[COMRAM] unsigned char 
 Registers used:
		wreg, status,2, status,0, cstack
 Tracked objects:
		On entry : 
		On exit  : 
		Unchanged: 
 Data sizes:     COMRAM   BANK0   BANK1   BANK2   BANK3   BANK4   BANK5
      Params:         8       0       0       0       0       0       0
      Locals:         0       0       0       0       0       0       0
      Temps:          0       0       0       0       0       0       0
      Totals:         8       0       0       0       0       0       0
Total ram usage:        8 bytes
 Hardware stack levels used:    1
 Hardware stack levels required when called:    1
 This function calls:
		___fladd
 This function is called by:
		_sin
 This function uses a non-reentrant model


 *************** function ___fladd *****************
 Defined at:
		line 10 in file "C:\Program Files (x86)\Microchip\xc8\v2.00\pic\sources\c90\common\sprcadd.c"
 Parameters:    Size  Location     Type
  b               4   49[COMRAM] unsigned char 
  a               4   53[COMRAM] unsigned char 
 Auto vars:     Size  Location     Type
  grs             1   68[COMRAM] unsigned char 
  bexp            1   67[COMRAM] unsigned char 
  aexp            1   66[COMRAM] unsigned char 
  signs           1   65[COMRAM] unsigned char 
 Return value:  Size  Location     Type
                  4   49[COMRAM] unsigned char 
 Registers used:
		wreg, status,2, status,0
 Tracked objects:
		On entry : 
		On exit  : 
		Unchanged: 
 Data sizes:     COMRAM   BANK0   BANK1   BANK2   BANK3   BANK4   BANK5
      Params:         8       0       0       0       0       0       0
      Locals:         4       0       0       0       0       0       0
      Temps:          8       0       0       0       0       0       0
      Totals:        20       0       0       0       0       0       0
Total ram usage:       20 bytes
 Hardware stack levels used:    1
 This function calls:
		Nothing
 This function is called by:
		_main
		___flsub
		_sin
		_eval_poly
		_floor
 This function uses a non-reentrant model


 *************** function ___flneg *****************
 Defined at:
		line 15 in file "C:\Program Files (x86)\Microchip\xc8\v2.00\pic\sources\c90\common\flneg.c"
 Parameters:    Size  Location     Type
  f1              4    0[COMRAM] unsigned char 
 Auto vars:     Size  Location     Type
		None
 Return value:  Size  Location     Type
                  4    0[COMRAM] unsigned char 
 Registers used:
		wreg, status,2, status,0
 Tracked objects:
		On entry : 
		On exit  : 
		Unchanged: 
 Data sizes:     COMRAM   BANK0   BANK1   BANK2   BANK3   BANK4   BANK5
      Params:         4       0       0       0       0       0       0
      Locals:         0       0       0       0       0       0       0
      Temps:          0       0       0       0       0       0       0
      Totals:         4       0       0       0       0       0       0
Total ram usage:        4 bytes
 Hardware stack levels used:    1
 This function calls:
		Nothing
 This function is called by:
		_sin
 This function uses a non-reentrant model


 *************** function ___fldiv *****************
 Defined at:
		line 11 in file "C:\Program Files (x86)\Microchip\xc8\v2.00\pic\sources\c90\common\sprcdiv.c"
 Parameters:    Size  Location     Type
  b               4   85[COMRAM] unsigned char 
  a               4   89[COMRAM] unsigned char 
 Auto vars:     Size  Location     Type
  grs             4  104[COMRAM] unsigned long 
  rem             4   97[COMRAM] unsigned long 
  new_exp         2  102[COMRAM] int 
  aexp            1  109[COMRAM] unsigned char 
  bexp            1  108[COMRAM] unsigned char 
  sign            1  101[COMRAM] unsigned char 
 Return value:  Size  Location     Type
                  4   85[COMRAM] unsigned char 
 Registers used:
		wreg, status,2, status,0
 Tracked objects:
		On entry : 
		On exit  : 
		Unchanged: 
 Data sizes:     COMRAM   BANK0   BANK1   BANK2   BANK3   BANK4   BANK5
      Params:         8       0       0       0       0       0       0
      Locals:        13       0       0       0       0       0       0
      Temps:          4       0       0       0       0       0       0
      Totals:        25       0       0       0       0       0       0
Total ram usage:       25 bytes
 Hardware stack levels used:    1
 This function calls:
		Nothing
 This function is called by:
		_main
		_sin
 This function uses a non-reentrant model


 *************** function _get_Voltage *****************
 Defined at:
		line 138 in file "lab5.c"
 Parameters:    Size  Location     Type
  ac0             2   26[COMRAM] int 
  ac1             2   28[COMRAM] int 
  temp1           2   30[COMRAM] PTR unsigned char 
		 -> Str_2(10), Str_1(10), 
  minv            2   32[COMRAM] int 
  maxv            2   34[COMRAM] int 
 Auto vars:     Size  Location     Type
  fullAD          4   50[COMRAM] long 
  adHigh          4   46[COMRAM] long 
  adLow           4   42[COMRAM] long 
  v               2   40[COMRAM] int 
 Return value:  Size  Location     Type
                  2   26[COMRAM] int 
 Registers used:
		wreg, status,2, status,0, cstack
 Tracked objects:
		On entry : 
		On exit  : 
		Unchanged: 
 Data sizes:     COMRAM   BANK0   BANK1   BANK2   BANK3   BANK4   BANK5
      Params:        10       0       0       0       0       0       0
      Locals:        14       0       0       0       0       0       0
      Temps:          4       0       0       0       0       0       0
      Totals:        28       0       0       0       0       0       0
Total ram usage:       28 bytes
 Hardware stack levels used:    1
 Hardware stack levels required when called:    1
 This function calls:
		___aldiv
		___lmul
 This function is called by:
		_main
 This function uses a non-reentrant model


 *************** function ___lmul *****************
 Defined at:
		line 15 in file "C:\Program Files (x86)\Microchip\xc8\v2.00\pic\sources\c90\common\Umul32.c"
 Parameters:    Size  Location     Type
  multiplier      4    0[COMRAM] unsigned long 
  multiplicand    4    4[COMRAM] unsigned long 
 Auto vars:     Size  Location     Type
  product         4    8[COMRAM] unsigned long 
 Return value:  Size  Location     Type
                  4    0[COMRAM] unsigned long 
 Registers used:
		wreg, status,2, status,0
 Tracked objects:
		On entry : 
		On exit  : 
		Unchanged: 
 Data sizes:     COMRAM   BANK0   BANK1   BANK2   BANK3   BANK4   BANK5
      Params:         8       0       0       0       0       0       0
      Locals:         4       0       0       0       0       0       0
      Temps:          0       0       0       0       0       0       0
      Totals:        12       0       0       0       0       0       0
Total ram usage:       12 bytes
 Hardware stack levels used:    1
 This function calls:
		Nothing
 This function is called by:
		_get_Voltage
 This function uses a non-reentrant model


 *************** function ___aldiv *****************
 Defined at:
		line 7 in file "C:\Program Files (x86)\Microchip\xc8\v2.00\pic\sources\c90\common\aldiv.c"
 Parameters:    Size  Location     Type
  dividend        4   12[COMRAM] long 
  divisor         4   16[COMRAM] long 
 Auto vars:     Size  Location     Type
  quotient        4   22[COMRAM] long 
  sign            1   21[COMRAM] unsigned char 
  counter         1   20[COMRAM] unsigned char 
 Return value:  Size  Location     Type
                  4   12[COMRAM] long 
 Registers used:
		wreg, status,2, status,0
 Tracked objects:
		On entry : 
		On exit  : 
		Unchanged: 
 Data sizes:     COMRAM   BANK0   BANK1   BANK2   BANK3   BANK4   BANK5
      Params:         8       0       0       0       0       0       0
      Locals:         6       0       0       0       0       0       0
      Temps:          0       0       0       0       0       0       0
      Totals:        14       0       0       0       0       0       0
Total ram usage:       14 bytes
 Hardware stack levels used:    1
 This function calls:
		Nothing
 This function is called by:
		_get_Voltage
 This function uses a non-reentrant model


 *************** function ___awmod *****************
 Defined at:
		line 7 in file "C:\Program Files (x86)\Microchip\xc8\v2.00\pic\sources\c90\common\awmod.c"
 Parameters:    Size  Location     Type
  dividend        2    0[COMRAM] int 
  divisor         2    2[COMRAM] int 
 Auto vars:     Size  Location     Type
  sign            1    5[COMRAM] unsigned char 
  counter         1    4[COMRAM] unsigned char 
 Return value:  Size  Location     Type
                  2    0[COMRAM] int 
 Registers used:
		wreg, status,2, status,0
 Tracked objects:
		On entry : 
		On exit  : 
		Unchanged: 
 Data sizes:     COMRAM   BANK0   BANK1   BANK2   BANK3   BANK4   BANK5
      Params:         4       0       0       0       0       0       0
      Locals:         2       0       0       0       0       0       0
      Temps:          0       0       0       0       0       0       0
      Totals:         6       0       0       0       0       0       0
Total ram usage:        6 bytes
 Hardware stack levels used:    1
 This function calls:
		Nothing
 This function is called by:
		_main
 This function uses a non-reentrant model


 *************** function ___awdiv *****************
 Defined at:
		line 7 in file "C:\Program Files (x86)\Microchip\xc8\v2.00\pic\sources\c90\common\awdiv.c"
 Parameters:    Size  Location     Type
  dividend        2    6[COMRAM] int 
  divisor         2    8[COMRAM] int 
 Auto vars:     Size  Location     Type
  quotient        2   12[COMRAM] int 
  sign            1   11[COMRAM] unsigned char 
  counter         1   10[COMRAM] unsigned char 
 Return value:  Size  Location     Type
                  2    6[COMRAM] int 
 Registers used:
		wreg, status,2, status,0
 Tracked objects:
		On entry : 
		On exit  : 
		Unchanged: 
 Data sizes:     COMRAM   BANK0   BANK1   BANK2   BANK3   BANK4   BANK5
      Params:         4       0       0       0       0       0       0
      Locals:         4       0       0       0       0       0       0
      Temps:          0       0       0       0       0       0       0
      Totals:         8       0       0       0       0       0       0
Total ram usage:        8 bytes
 Hardware stack levels used:    1
 This function calls:
		Nothing
 This function is called by:
		_main
 This function uses a non-reentrant model


 *************** function _Print_To_LCD *****************
 Defined at:
		line 235 in file "lab5.c"
 Parameters:    Size  Location     Type
  tempPtr         2    0[COMRAM] PTR const unsigned char 
		 -> Str_2(10), Str_1(10), Clear2(10), Clear1(10), 
 Auto vars:     Size  Location     Type
  currentChar     1    3[COMRAM] unsigned char 
 Return value:  Size  Location     Type
                  1    wreg      void 
 Registers used:
		wreg, fsr2l, fsr2h, status,2, status,0, tblptrl, tblptrh, tblptru
 Tracked objects:
		On entry : 
		On exit  : 
		Unchanged: 
 Data sizes:     COMRAM   BANK0   BANK1   BANK2   BANK3   BANK4   BANK5
      Params:         2       0       0       0       0       0       0
      Locals:         1       0       0       0       0       0       0
      Temps:          1       0       0       0       0       0       0
      Totals:         4       0       0       0       0       0       0
Total ram usage:        4 bytes
 Hardware stack levels used:    1
 This function calls:
		Nothing
 This function is called by:
		_main
 This function uses a non-reentrant model


 *************** function _Initialize_PIC *****************
 Defined at:
		line 172 in file "lab5.c"
 Parameters:    Size  Location     Type
		None
 Auto vars:     Size  Location     Type
		None
 Return value:  Size  Location     Type
                  1    wreg      void 
 Registers used:
		wreg, status,2, status,0, tblptrl, tblptrh, tblptru, cstack
 Tracked objects:
		On entry : 
		On exit  : 
		Unchanged: 
 Data sizes:     COMRAM   BANK0   BANK1   BANK2   BANK3   BANK4   BANK5
      Params:         0       0       0       0       0       0       0
      Locals:         0       0       0       0       0       0       0
      Temps:          0       0       0       0       0       0       0
      Totals:         0       0       0       0       0       0       0
Total ram usage:        0 bytes
 Hardware stack levels used:    1
 Hardware stack levels required when called:    1
 This function calls:
		_Initialize_LCD
 This function is called by:
		_main
 This function uses a non-reentrant model


 *************** function _Initialize_LCD *****************
 Defined at:
		line 197 in file "lab5.c"
 Parameters:    Size  Location     Type
		None
 Auto vars:     Size  Location     Type
  tempPtr         2    2[COMRAM] PTR unsigned char 
		 -> LCDstr(8), 
  currentChar     1    4[COMRAM] unsigned char 
 Return value:  Size  Location     Type
                  1    wreg      void 
 Registers used:
		wreg, status,2, status,0, tblptrl, tblptrh, tblptru
 Tracked objects:
		On entry : 
		On exit  : 
		Unchanged: 
 Data sizes:     COMRAM   BANK0   BANK1   BANK2   BANK3   BANK4   BANK5
      Params:         0       0       0       0       0       0       0
      Locals:         3       0       0       0       0       0       0
      Temps:          2       0       0       0       0       0       0
      Totals:         5       0       0       0       0       0       0
Total ram usage:        5 bytes
 Hardware stack levels used:    1
 This function calls:
		Nothing
 This function is called by:
		_Initialize_PIC
 This function uses a non-reentrant model



MODULE INFORMATION

Module		Function		Class		Link	Load	Size
C:\Program Files (x86)\Microchip\xc8\v2.00\pic\sources\c90\common\fleq.c
		___fleq        		CODE           	2ADC	0000	211

C:\Program Files (x86)\Microchip\xc8\v2.00\pic\sources\c90\common\fleq.c estimated size: 211

C:\Program Files (x86)\Microchip\xc8\v2.00\pic\sources\c90\common\awmod.c
		___awmod       		CODE           	29D6	0000	263

C:\Program Files (x86)\Microchip\xc8\v2.00\pic\sources\c90\common\awmod.c estimated size: 263

C:\Program Files (x86)\Microchip\xc8\v2.00\pic\sources\c90\common\sprcmul.c
		___flmul       		CODE           	0CB2	0000	1259

C:\Program Files (x86)\Microchip\xc8\v2.00\pic\sources\c90\common\sprcmul.c estimated size: 1259

C:\Program Files (x86)\Microchip\xc8\v2.00\pic\sources\c90\common\sprcdiv.c
		___fldiv       		CODE           	119C	0000	1209

C:\Program Files (x86)\Microchip\xc8\v2.00\pic\sources\c90\common\sprcdiv.c estimated size: 1209

C:\Program Files (x86)\Microchip\xc8\v2.00\pic\sources\c90\common\frexp.c
		_frexp         		CODE           	2BAE	0000	197

C:\Program Files (x86)\Microchip\xc8\v2.00\pic\sources\c90\common\frexp.c estimated size: 197

C:\Program Files (x86)\Microchip\xc8\v2.00\pic\sources\c90\common\sin.c
		_sin           		CODE           	1B02	0000	851

C:\Program Files (x86)\Microchip\xc8\v2.00\pic\sources\c90\common\sin.c estimated size: 851

C:\Program Files (x86)\Microchip\xc8\v2.00\pic\sources\c90\common\floor.c
		_floor         		CODE           	2384	0000	363

C:\Program Files (x86)\Microchip\xc8\v2.00\pic\sources\c90\common\floor.c estimated size: 363

C:\Program Files (x86)\Microchip\xc8\v2.00\pic\sources\c90\common\awdiv.c
		___awdiv       		CODE           	28BC	0000	283

C:\Program Files (x86)\Microchip\xc8\v2.00\pic\sources\c90\common\awdiv.c estimated size: 283

C:\Program Files (x86)\Microchip\xc8\v2.00\pic\sources\c90\common\fltol.c
		___fltol       		CODE           	2202	0000	387

C:\Program Files (x86)\Microchip\xc8\v2.00\pic\sources\c90\common\fltol.c estimated size: 387

C:\Program Files (x86)\Microchip\xc8\v2.00\pic\sources\c90\common\flge.c
		___flge        		CODE           	2076	0000	397

C:\Program Files (x86)\Microchip\xc8\v2.00\pic\sources\c90\common\flge.c estimated size: 397

C:\Program Files (x86)\Microchip\xc8\v2.00\pic\sources\c90\common\evalpoly.c
		_eval_poly     		CODE           	279E	0000	287

C:\Program Files (x86)\Microchip\xc8\v2.00\pic\sources\c90\common\evalpoly.c estimated size: 287

C:\Program Files (x86)\Microchip\xc8\v2.00\pic\sources\c90\common\Umul32.c
		___lmul        		CODE           	2DB6	0000	131

C:\Program Files (x86)\Microchip\xc8\v2.00\pic\sources\c90\common\Umul32.c estimated size: 131

C:\Program Files (x86)\Microchip\xc8\v2.00\pic\sources\c90\common\sprcadd.c
		___flsub       		CODE           	2E38	0000	81
		___fladd       		CODE           	0642	0000	1649

C:\Program Files (x86)\Microchip\xc8\v2.00\pic\sources\c90\common\sprcadd.c estimated size: 1730

lab5.c
		_main          		CODE           	1654	0000	1199
		_Initialize_LCD		CODE           	2C72	0000	169
		_Initialize_PIC		CODE           	2F04	0000	45
		_get_Voltage   		CODE           	2650	0000	335
		_Print_To_LCD  		CODE           	2D1A	0000	157

lab5.c estimated size: 1905

shared
		_Clear1        		SMALLCONST     	062F	0000	11
		_LCDstr        		SMALLCONST     	0639	0000	9
		__initialization		CODE           	2ED4	0000	39
		_Clear2        		SMALLCONST     	0625	0000	11
		sin@coeff_a    		SMALLCONST     	0601	0000	21
		sin@coeff_b    		SMALLCONST     	0615	0000	17

shared estimated size: 108

C:\Program Files (x86)\Microchip\xc8\v2.00\pic\sources\c90\common\xxtofl.c
		___xxtofl      		CODE           	1E54	0000	547

C:\Program Files (x86)\Microchip\xc8\v2.00\pic\sources\c90\common\xxtofl.c estimated size: 547

C:\Program Files (x86)\Microchip\xc8\v2.00\pic\sources\c90\common\aldiv.c
		___aldiv       		CODE           	24EE	0000	355

C:\Program Files (x86)\Microchip\xc8\v2.00\pic\sources\c90\common\aldiv.c estimated size: 355

C:\Program Files (x86)\Microchip\xc8\v2.00\pic\sources\c90\common\flneg.c
		___flneg       		CODE           	2E88	0000	77

C:\Program Files (x86)\Microchip\xc8\v2.00\pic\sources\c90\common\flneg.c estimated size: 77

