Microchip MPLAB XC8 Compiler V2.00 ()

Linker command line:

-W-3 --edf=C:\Program Files (x86)\Microchip\xc8\v2.00\pic\dat\en_msgs.txt \
  -cs -h+dist/default/production\Lab4.X.production.sym \
  --cmf=dist/default/production\Lab4.X.production.cmf -z -Q18F452 \
  -oC:\Users\Nathan\AppData\Local\Temp\s5ac.2 --defsym=__MPLAB_BUILD=1 \
  -Mdist/default/production/Lab4.X.production.map -E1 -ver=XC8 --acfsm=1493 \
  -ASTACK=080h-05ffh -pstack=STACK -ACODE=00h-03FFFhx2 -ACONST=00h-07FFFh \
  -ASMALLCONST=0600h-06FFhx122 -AMEDIUMCONST=0600h-07FFFh -ACOMRAM=01h-07Fh \
  -AABS1=00h-05FFh -ABIGRAM=01h-05FFh -ARAM=080h-0FFh,0100h-01FFhx5 \
  -ABANK0=080h-0FFh -ABANK1=0100h-01FFh -ABANK2=0200h-02FFh \
  -ABANK3=0300h-03FFh -ABANK4=0400h-04FFh -ABANK5=0500h-05FFh \
  -ASFR=0F80h-0FFFh -preset_vec=00h,intcode,intcodelo,powerup,init \
  -pramtop=0600h -psmallconst=SMALLCONST -pmediumconst=MEDIUMCONST \
  -pconst=CONST -AFARRAM=00h-00h -ACONFIG=0300000h-030000Dh -pconfig=CONFIG \
  -AIDLOC=0200000h-0200007h -pidloc=IDLOC -AEEDATA=0F00000h-0F000FFh \
  -peeprom_data=EEDATA \
  -prdata=COMRAM,nvrram=COMRAM,nvbit=COMRAM,rbss=COMRAM,rbit=COMRAM \
  -pfarbss=FARRAM,fardata=FARRAM,nvFARRAM=FARRAM \
  -pintsave_regs=BIGRAM,bigbss=BIGRAM,bigdata=BIGRAM -pbss=RAM \
  -pidata=CODE,irdata=CODE,ibigdata=CODE,ifardata=CODE -prparam=COMRAM \
  C:\Users\Nathan\AppData\Local\Temp\s5ac.o \
  dist/default/production\Lab4.X.production.o 

Object code version is 3.11

Machine type is 18F452

Call graph: (short form)




                Name                               Link     Load   Length Selector   Space Scale
C:\Users\Nathan\AppData\Local\Temp\s5ac.o
                text                                E84      E84        2      30F       0
                init                                  2        2        4        0       0
                reset_vec                             0        0        2        0       0
                idloc                            200000   200000        8   200000       0
                config                           300000   300000        E   300000       0
dist/default/production\Lab4.X.production.o
                smallconst                          600      600       1E      300       0
                text8                               C54      C54       A8      30F       0
                text7                               E1A      E1A       2C      30F       0
                text6                               CFC      CFC       9C      30F       0
                text5                               7D2      7D2      162      30F       0
                text4                               934      934      11A      30F       0
                text3                               A4E      A4E      106      30F       0
                text2                               D98      D98       82      30F       0
                text1                               61E      61E      1B4      30F       0
                text0                               B54      B54      100      30F       0
                cstackCOMRAM                          1        1       3B        1       1
                dataCOMRAM                           3C       3C       14        1       1
                cinit                               E46      E46       2A      30F       0
                idataCOMRAM                         E70      E70       14      30F       0

TOTAL           Name                               Link     Load   Length     Space
        CLASS   STACK          

        CLASS   CODE           
                text                                E84      E84        2         0
                init                                  2        2        4         0
                reset_vec                             0        0        2         0
                text8                               C54      C54       A8         0
                text7                               E1A      E1A       2C         0
                text6                               CFC      CFC       9C         0
                text5                               7D2      7D2      162         0
                text4                               934      934      11A         0
                text3                               A4E      A4E      106         0
                text2                               D98      D98       82         0
                text1                               61E      61E      1B4         0
                text0                               B54      B54      100         0
                cinit                               E46      E46       2A         0
                idataCOMRAM                         E70      E70       14         0

        CLASS   CONST          

        CLASS   SMALLCONST     
                smallconst                          600      600       1E         0

        CLASS   MEDIUMCONST    

        CLASS   COMRAM         
                cstackCOMRAM                          1        1       3B         1
                dataCOMRAM                           3C       3C       14         1

        CLASS   ABS1           

        CLASS   BIGRAM         

        CLASS   RAM            

        CLASS   BANK0          

        CLASS   BANK1          

        CLASS   BANK2          

        CLASS   BANK3          

        CLASS   BANK4          

        CLASS   BANK5          

        CLASS   SFR            

        CLASS   FARRAM         

        CLASS   CONFIG         
                config                           300000   300000        E         0

        CLASS   IDLOC          
                idloc                            200000   200000        8         0

        CLASS   EEDATA         



SEGMENTS        Name                           Load    Length   Top    Selector   Space  Class

                reset_vec                      000000  000006  000006         0       0  CODE    
                cstackCOMRAM                   000001  00004F  000050         1       1  COMRAM  
                smallconst                     000600  00001E  00061E       300       0  SMALLCON
                text1                          00061E  000868  000E86       30F       0  CODE    
                idloc                          200000  000008  200008    200000       0  IDLOC   
                config                         300000  00000E  30000E    300000       0  CONFIG  


UNUSED ADDRESS RANGES

        Name                Unused          Largest block    Delta
        BANK0            000080-0000FF               80
        BANK1            000100-0001FF              100
        BANK2            000200-0002FF              100
        BANK3            000300-0003FF              100
        BANK4            000400-0004FF              100
        BANK5            000500-0005FF              100
        BIGRAM           000050-0005FF              5B0
        CODE             000006-0005FF              5FA
                         000E86-007FFF             317A
        COMRAM           000050-00007F               30
        CONST            000006-0005FF              5FA
                         000E86-007FFF             717A
        EEDATA           F00000-F000FF              100
        MEDIUMCONST      000E86-007FFF             717A
        RAM              000080-0005FF              100
        SFR              000F80-000FFF               80
        SMALLCONST       000E86-007FFF              100
        STACK            000080-0005FF              580

                                  Symbol Table

?___aldiv                                                  cstackCOMRAM 00000D
?___awdiv                                                  cstackCOMRAM 000001
?___awmod                                                  cstackCOMRAM 000001
?___lmul                                                   cstackCOMRAM 000001
?_get_Voltage                                              cstackCOMRAM 00001B
Initialize_LCD@currentChar                                 cstackCOMRAM 000005
Initialize_LCD@tempPtr                                     cstackCOMRAM 000003
Print_To_LCD@currentChar                                   cstackCOMRAM 000004
Print_To_LCD@tempPtr                                       cstackCOMRAM 000001
_ADCON0                                                    (abs)        000FC2
_ADCON0bits                                                (abs)        000FC2
_ADCON1                                                    (abs)        000FC1
_ADRESH                                                    (abs)        000FC4
_ADRESL                                                    (abs)        000FC3
_Clear1                                                    smallconst   00060B
_Clear2                                                    smallconst   000601
_Initialize_LCD                                            text8        000C54
_Initialize_PIC                                            text7        000E1A
_LCDstr                                                    smallconst   000615
_PORTA                                                     (abs)        000F80
_PORTAbits                                                 (abs)        000F80
_PORTD                                                     (abs)        000F83
_PORTEbits                                                 (abs)        000F84
_Print_To_LCD                                              text6        000CFC
_Str_1                                                     dataCOMRAM   000046
_Str_2                                                     dataCOMRAM   00003C
_TRISA                                                     (abs)        000F92
_TRISB                                                     (abs)        000F93
_TRISC                                                     (abs)        000F94
_TRISD                                                     (abs)        000F95
_TRISE                                                     (abs)        000F96
_TRISEbits                                                 (abs)        000F96
__CFG_BOR$OFF                                              (abs)        000000
__CFG_CCP2MUX$ON                                           (abs)        000000
__CFG_LVP$OFF                                              (abs)        000000
__CFG_OSC$HS                                               (abs)        000000
__CFG_OSCS$OFF                                             (abs)        000000
__CFG_PWRT$OFF                                             (abs)        000000
__CFG_STVR$ON                                              (abs)        000000
__CFG_WDT$OFF                                              (abs)        000000
__HRAM                                                     (abs)        000000
__Habs1                                                    abs1         000000
__Hbank0                                                   bank0        000000
__Hbank1                                                   bank1        000000
__Hbank2                                                   bank2        000000
__Hbank3                                                   bank3        000000
__Hbank4                                                   bank4        000000
__Hbank5                                                   bank5        000000
__Hbigbss                                                  bigbss       000000
__Hbigdata                                                 bigdata      000000
__Hbigram                                                  bigram       000000
__Hbss                                                     bss          000000
__Hcinit                                                   cinit        000000
__Hclrtext                                                 clrtext      000000
__Hcomram                                                  comram       000000
__Hconfig                                                  config       30000E
__Hconst                                                   const        000000
__HcstackCOMRAM                                            cstackCOMRAM 000000
__Hdata                                                    data         000000
__HdataCOMRAM                                              dataCOMRAM   000000
__Heeprom_data                                             eeprom_data  000000
__Hfarbss                                                  farbss       000000
__Hfardata                                                 fardata      000000
__Hibigdata                                                ibigdata     000000
__Hidata                                                   idata        000000
__HidataCOMRAM                                             idataCOMRAM  000000
__Hidloc                                                   idloc        200008
__Hifardata                                                ifardata     000000
__Hinit                                                    init         000006
__Hintcode                                                 intcode      000002
__Hintcode_body                                            intcode_body 000000
__Hintcodelo                                               intcodelo    000002
__Hintentry                                                intentry     000000
__Hintret                                                  intret       000000
__Hintsave_regs                                            intsave_regs 000000
__Hirdata                                                  irdata       000000
__Hmediumconst                                             mediumconst  000000
__HnvFARRAM                                                nvFARRAM     000000
__Hnvbit                                                   nvbit        000000
__Hnvrram                                                  nvrram       000000
__Hparam                                                   rparam       000000
__Hpowerup                                                 powerup      000002
__Hram                                                     ram          000000
__Hramtop                                                  ramtop       000600
__Hrbit                                                    rbit         000000
__Hrbss                                                    rbss         000000
__Hrdata                                                   rdata        000000
__Hreset_vec                                               reset_vec    000002
__Hrparam                                                  rparam       000000
__Hsfr                                                     sfr          000000
__Hsmallconst                                              smallconst   00061E
__Hspace_0                                                 (abs)        30000E
__Hspace_1                                                 (abs)        000050
__Hspace_2                                                 (abs)        000000
__Hstack                                                   stack        000000
__Hstruct                                                  struct       000000
__Htemp                                                    temp         000000
__Htext                                                    text         000000
__Htext0                                                   text0        000000
__Htext1                                                   text1        000000
__Htext2                                                   text2        000000
__Htext3                                                   text3        000000
__Htext4                                                   text4        000000
__Htext5                                                   text5        000000
__Htext6                                                   text6        000000
__Htext7                                                   text7        000000
__Htext8                                                   text8        000000
__LRAM                                                     (abs)        000001
__Labs1                                                    abs1         000000
__Lbank0                                                   bank0        000000
__Lbank1                                                   bank1        000000
__Lbank2                                                   bank2        000000
__Lbank3                                                   bank3        000000
__Lbank4                                                   bank4        000000
__Lbank5                                                   bank5        000000
__Lbigbss                                                  bigbss       000000
__Lbigdata                                                 bigdata      000000
__Lbigram                                                  bigram       000000
__Lbss                                                     bss          000000
__Lcinit                                                   cinit        000000
__Lclrtext                                                 clrtext      000000
__Lcomram                                                  comram       000000
__Lconfig                                                  config       300000
__Lconst                                                   const        000000
__LcstackCOMRAM                                            cstackCOMRAM 000000
__Ldata                                                    data         000000
__LdataCOMRAM                                              dataCOMRAM   000000
__Leeprom_data                                             eeprom_data  000000
__Lfarbss                                                  farbss       000000
__Lfardata                                                 fardata      000000
__Libigdata                                                ibigdata     000000
__Lidata                                                   idata        000000
__LidataCOMRAM                                             idataCOMRAM  000000
__Lidloc                                                   idloc        200000
__Lifardata                                                ifardata     000000
__Linit                                                    init         000002
__Lintcode                                                 intcode      000002
__Lintcode_body                                            intcode_body 000000
__Lintcodelo                                               intcodelo    000002
__Lintentry                                                intentry     000000
__Lintret                                                  intret       000000
__Lintsave_regs                                            intsave_regs 000000
__Lirdata                                                  irdata       000000
__Lmediumconst                                             mediumconst  000000
__LnvFARRAM                                                nvFARRAM     000000
__Lnvbit                                                   nvbit        000000
__Lnvrram                                                  nvrram       000000
__Lparam                                                   rparam       000000
__Lpowerup                                                 powerup      000002
__Lram                                                     ram          000000
__Lramtop                                                  ramtop       000600
__Lrbit                                                    rbit         000000
__Lrbss                                                    rbss         000000
__Lrdata                                                   rdata        000000
__Lreset_vec                                               reset_vec    000000
__Lrparam                                                  rparam       000000
__Lsfr                                                     sfr          000000
__Lsmallconst                                              smallconst   000600
__Lspace_0                                                 (abs)        000000
__Lspace_1                                                 (abs)        000000
__Lspace_2                                                 (abs)        000000
__Lstack                                                   stack        000000
__Lstruct                                                  struct       000000
__Ltemp                                                    temp         000000
__Ltext                                                    text         000000
__Ltext0                                                   text0        000000
__Ltext1                                                   text1        000000
__Ltext2                                                   text2        000000
__Ltext3                                                   text3        000000
__Ltext4                                                   text4        000000
__Ltext5                                                   text5        000000
__Ltext6                                                   text6        000000
__Ltext7                                                   text7        000000
__Ltext8                                                   text8        000000
__S0                                                       (abs)        30000E
__S1                                                       (abs)        000050
__S2                                                       (abs)        000000
___aldiv                                                   text5        0007D2
___aldiv@counter                                           cstackCOMRAM 000015
___aldiv@dividend                                          cstackCOMRAM 00000D
___aldiv@divisor                                           cstackCOMRAM 000011
___aldiv@quotient                                          cstackCOMRAM 000017
___aldiv@sign                                              cstackCOMRAM 000016
___awdiv                                                   text4        000934
___awdiv@counter                                           cstackCOMRAM 000005
___awdiv@dividend                                          cstackCOMRAM 000001
___awdiv@divisor                                           cstackCOMRAM 000003
___awdiv@quotient                                          cstackCOMRAM 000007
___awdiv@sign                                              cstackCOMRAM 000006
___awmod                                                   text3        000A4E
___awmod@counter                                           cstackCOMRAM 000005
___awmod@dividend                                          cstackCOMRAM 000001
___awmod@divisor                                           cstackCOMRAM 000003
___awmod@sign                                              cstackCOMRAM 000006
___inthi_sp                                                stack        000000
___intlo_sp                                                stack        000000
___lmul                                                    text2        000D98
___lmul@multiplicand                                       cstackCOMRAM 000005
___lmul@multiplier                                         cstackCOMRAM 000001
___lmul@product                                            cstackCOMRAM 000009
___param_bank                                              (abs)        000000
___rparam_used                                             (abs)        000001
___sp                                                      stack        000000
__accesstop                                                (abs)        000080
__activetblptr                                             (abs)        000002
__cntErrataNOP_C:\Users\Nathan\AppData\Local\Temp\s5ac.o   (abs)        000001
__cntErrataNOP_dist/default/production\Lab4.X.production.o (abs)        000073
__end_of_Clear1                                            smallconst   000615
__end_of_Clear2                                            smallconst   00060B
__end_of_Initialize_LCD                                    text8        000CFC
__end_of_Initialize_PIC                                    text7        000E46
__end_of_LCDstr                                            smallconst   00061D
__end_of_Print_To_LCD                                      text6        000D98
__end_of___aldiv                                           text5        000934
__end_of___awdiv                                           text4        000A4E
__end_of___awmod                                           text3        000B54
__end_of___lmul                                            text2        000E1A
__end_of__initialization                                   cinit        000E66
__end_of_get_Voltage                                       text1        0007D2
__end_of_main                                              text0        000C54
__initialization                                           cinit        000E46
__mediumconst                                              mediumconst  000000
__pcinit                                                   cinit        000E46
__pcstackCOMRAM                                            cstackCOMRAM 000001
__pdataCOMRAM                                              dataCOMRAM   00003C
__pidataCOMRAM                                             idataCOMRAM  000E70
__psmallconst                                              smallconst   000600
__ptext0                                                   text0        000B54
__ptext1                                                   text1        00061E
__ptext2                                                   text2        000D98
__ptext3                                                   text3        000A4E
__ptext4                                                   text4        000934
__ptext5                                                   text5        0007D2
__ptext6                                                   text6        000CFC
__ptext7                                                   text7        000E1A
__ptext8                                                   text8        000C54
__ramtop                                                   ramtop       000600
__size_of_Initialize_LCD                                   (abs)        000000
__size_of_Initialize_PIC                                   (abs)        000000
__size_of_Print_To_LCD                                     (abs)        000000
__size_of___aldiv                                          (abs)        000000
__size_of___awdiv                                          (abs)        000000
__size_of___awmod                                          (abs)        000000
__size_of___lmul                                           (abs)        000000
__size_of_get_Voltage                                      (abs)        000000
__size_of_main                                             (abs)        000000
__smallconst                                               smallconst   000600
_get_Voltage                                               text1        00061E
_main                                                      text0        000B54
end_of_initialization                                      cinit        000E66
get_Voltage@ac0                                            cstackCOMRAM 00001B
get_Voltage@ac1                                            cstackCOMRAM 00001D
get_Voltage@adHigh                                         cstackCOMRAM 00002B
get_Voltage@adLow                                          cstackCOMRAM 000027
get_Voltage@deci                                           cstackCOMRAM 000030
get_Voltage@fullAD                                         cstackCOMRAM 000031
get_Voltage@maxv                                           cstackCOMRAM 000021
get_Voltage@temp1                                          cstackCOMRAM 00001F
get_Voltage@v                                              cstackCOMRAM 000035
get_Voltage@whole                                          cstackCOMRAM 00002F
intlevel0                                                  text         000E84
intlevel1                                                  text         000E84
intlevel2                                                  text         000E84
intlevel3                                                  text         000E84
main@v1                                                    cstackCOMRAM 000038
main@v2                                                    cstackCOMRAM 00003A
stackhi                                                    (abs)        0005FF
stacklo                                                    (abs)        000080
start                                                      init         000002
start_initialization                                       cinit        000E46


FUNCTION INFORMATION:

 *************** function _main *****************
 Defined at:
		line 51 in file "lab4.c"
 Parameters:    Size  Location     Type
		None
 Auto vars:     Size  Location     Type
  v2              2   57[COMRAM] int 
  v1              2   55[COMRAM] int 
 Return value:  Size  Location     Type
                  1    wreg      void 
 Registers used:
		wreg, fsr0l, fsr0h, fsr2l, fsr2h, status,2, status,0, tblptrl, tblptrh, tblptru, cstack
 Tracked objects:
		On entry : 
		On exit  : 
		Unchanged: 
 Data sizes:     COMRAM   BANK0   BANK1   BANK2   BANK3   BANK4   BANK5
      Params:         0       0       0       0       0       0       0
      Locals:         4       0       0       0       0       0       0
      Temps:          1       0       0       0       0       0       0
      Totals:         5       0       0       0       0       0       0
Total ram usage:        5 bytes
 Hardware stack levels required when called:    2
 This function calls:
		_Initialize_PIC
		_Print_To_LCD
		_get_Voltage
 This function is called by:
		Startup code after reset
 This function uses a non-reentrant model


 *************** function _get_Voltage *****************
 Defined at:
		line 99 in file "lab4.c"
 Parameters:    Size  Location     Type
  ac0             2   26[COMRAM] int 
  ac1             2   28[COMRAM] int 
  temp1           2   30[COMRAM] PTR unsigned char 
		 -> Str_2(10), Str_1(10), 
  maxv            2   32[COMRAM] int 
 Auto vars:     Size  Location     Type
  fullAD          4   48[COMRAM] long 
  adHigh          4   42[COMRAM] long 
  adLow           4   38[COMRAM] long 
  v               2   52[COMRAM] int 
  deci            1   47[COMRAM] unsigned char 
  whole           1   46[COMRAM] unsigned char 
 Return value:  Size  Location     Type
                  2   26[COMRAM] int 
 Registers used:
		wreg, fsr0l, fsr0h, fsr2l, fsr2h, status,2, status,0, tblptrl, tblptrh, tblptru, cstack
 Tracked objects:
		On entry : 
		On exit  : 
		Unchanged: 
 Data sizes:     COMRAM   BANK0   BANK1   BANK2   BANK3   BANK4   BANK5
      Params:         8       0       0       0       0       0       0
      Locals:        16       0       0       0       0       0       0
      Temps:          4       0       0       0       0       0       0
      Totals:        28       0       0       0       0       0       0
Total ram usage:       28 bytes
 Hardware stack levels used:    1
 Hardware stack levels required when called:    1
 This function calls:
		_Print_To_LCD
		___aldiv
		___awdiv
		___awmod
		___lmul
 This function is called by:
		_main
 This function uses a non-reentrant model


 *************** function ___lmul *****************
 Defined at:
		line 15 in file "C:\Program Files (x86)\Microchip\xc8\v2.00\pic\sources\c90\common\Umul32.c"
 Parameters:    Size  Location     Type
  multiplier      4    0[COMRAM] unsigned long 
  multiplicand    4    4[COMRAM] unsigned long 
 Auto vars:     Size  Location     Type
  product         4    8[COMRAM] unsigned long 
 Return value:  Size  Location     Type
                  4    0[COMRAM] unsigned long 
 Registers used:
		wreg, status,2, status,0
 Tracked objects:
		On entry : 
		On exit  : 
		Unchanged: 
 Data sizes:     COMRAM   BANK0   BANK1   BANK2   BANK3   BANK4   BANK5
      Params:         8       0       0       0       0       0       0
      Locals:         4       0       0       0       0       0       0
      Temps:          0       0       0       0       0       0       0
      Totals:        12       0       0       0       0       0       0
Total ram usage:       12 bytes
 Hardware stack levels used:    1
 This function calls:
		Nothing
 This function is called by:
		_get_Voltage
 This function uses a non-reentrant model


 *************** function ___awmod *****************
 Defined at:
		line 7 in file "C:\Program Files (x86)\Microchip\xc8\v2.00\pic\sources\c90\common\awmod.c"
 Parameters:    Size  Location     Type
  dividend        2    0[COMRAM] int 
  divisor         2    2[COMRAM] int 
 Auto vars:     Size  Location     Type
  sign            1    5[COMRAM] unsigned char 
  counter         1    4[COMRAM] unsigned char 
 Return value:  Size  Location     Type
                  2    0[COMRAM] int 
 Registers used:
		wreg, status,2, status,0
 Tracked objects:
		On entry : 
		On exit  : 
		Unchanged: 
 Data sizes:     COMRAM   BANK0   BANK1   BANK2   BANK3   BANK4   BANK5
      Params:         4       0       0       0       0       0       0
      Locals:         2       0       0       0       0       0       0
      Temps:          0       0       0       0       0       0       0
      Totals:         6       0       0       0       0       0       0
Total ram usage:        6 bytes
 Hardware stack levels used:    1
 This function calls:
		Nothing
 This function is called by:
		_get_Voltage
 This function uses a non-reentrant model


 *************** function ___awdiv *****************
 Defined at:
		line 7 in file "C:\Program Files (x86)\Microchip\xc8\v2.00\pic\sources\c90\common\awdiv.c"
 Parameters:    Size  Location     Type
  dividend        2    0[COMRAM] int 
  divisor         2    2[COMRAM] int 
 Auto vars:     Size  Location     Type
  quotient        2    6[COMRAM] int 
  sign            1    5[COMRAM] unsigned char 
  counter         1    4[COMRAM] unsigned char 
 Return value:  Size  Location     Type
                  2    0[COMRAM] int 
 Registers used:
		wreg, status,2, status,0
 Tracked objects:
		On entry : 
		On exit  : 
		Unchanged: 
 Data sizes:     COMRAM   BANK0   BANK1   BANK2   BANK3   BANK4   BANK5
      Params:         4       0       0       0       0       0       0
      Locals:         4       0       0       0       0       0       0
      Temps:          0       0       0       0       0       0       0
      Totals:         8       0       0       0       0       0       0
Total ram usage:        8 bytes
 Hardware stack levels used:    1
 This function calls:
		Nothing
 This function is called by:
		_get_Voltage
 This function uses a non-reentrant model


 *************** function ___aldiv *****************
 Defined at:
		line 7 in file "C:\Program Files (x86)\Microchip\xc8\v2.00\pic\sources\c90\common\aldiv.c"
 Parameters:    Size  Location     Type
  dividend        4   12[COMRAM] long 
  divisor         4   16[COMRAM] long 
 Auto vars:     Size  Location     Type
  quotient        4   22[COMRAM] long 
  sign            1   21[COMRAM] unsigned char 
  counter         1   20[COMRAM] unsigned char 
 Return value:  Size  Location     Type
                  4   12[COMRAM] long 
 Registers used:
		wreg, status,2, status,0
 Tracked objects:
		On entry : 
		On exit  : 
		Unchanged: 
 Data sizes:     COMRAM   BANK0   BANK1   BANK2   BANK3   BANK4   BANK5
      Params:         8       0       0       0       0       0       0
      Locals:         6       0       0       0       0       0       0
      Temps:          0       0       0       0       0       0       0
      Totals:        14       0       0       0       0       0       0
Total ram usage:       14 bytes
 Hardware stack levels used:    1
 This function calls:
		Nothing
 This function is called by:
		_get_Voltage
 This function uses a non-reentrant model


 *************** function _Print_To_LCD *****************
 Defined at:
		line 206 in file "lab4.c"
 Parameters:    Size  Location     Type
  tempPtr         2    0[COMRAM] PTR const unsigned char 
		 -> Str_2(10), Str_1(10), Clear2(10), Clear1(10), 
 Auto vars:     Size  Location     Type
  currentChar     1    3[COMRAM] unsigned char 
 Return value:  Size  Location     Type
                  1    wreg      void 
 Registers used:
		wreg, fsr0l, fsr0h, status,2, status,0, tblptrl, tblptrh, tblptru
 Tracked objects:
		On entry : 
		On exit  : 
		Unchanged: 
 Data sizes:     COMRAM   BANK0   BANK1   BANK2   BANK3   BANK4   BANK5
      Params:         2       0       0       0       0       0       0
      Locals:         1       0       0       0       0       0       0
      Temps:          1       0       0       0       0       0       0
      Totals:         4       0       0       0       0       0       0
Total ram usage:        4 bytes
 Hardware stack levels used:    1
 This function calls:
		Nothing
 This function is called by:
		_main
		_get_Voltage
 This function uses a non-reentrant model


 *************** function _Initialize_PIC *****************
 Defined at:
		line 143 in file "lab4.c"
 Parameters:    Size  Location     Type
		None
 Auto vars:     Size  Location     Type
		None
 Return value:  Size  Location     Type
                  1    wreg      void 
 Registers used:
		wreg, status,2, status,0, tblptrl, tblptrh, tblptru, cstack
 Tracked objects:
		On entry : 
		On exit  : 
		Unchanged: 
 Data sizes:     COMRAM   BANK0   BANK1   BANK2   BANK3   BANK4   BANK5
      Params:         0       0       0       0       0       0       0
      Locals:         0       0       0       0       0       0       0
      Temps:          0       0       0       0       0       0       0
      Totals:         0       0       0       0       0       0       0
Total ram usage:        0 bytes
 Hardware stack levels used:    1
 Hardware stack levels required when called:    1
 This function calls:
		_Initialize_LCD
 This function is called by:
		_main
 This function uses a non-reentrant model


 *************** function _Initialize_LCD *****************
 Defined at:
		line 168 in file "lab4.c"
 Parameters:    Size  Location     Type
		None
 Auto vars:     Size  Location     Type
  tempPtr         2    2[COMRAM] PTR unsigned char 
		 -> LCDstr(8), 
  currentChar     1    4[COMRAM] unsigned char 
 Return value:  Size  Location     Type
                  1    wreg      void 
 Registers used:
		wreg, status,2, status,0, tblptrl, tblptrh, tblptru
 Tracked objects:
		On entry : 
		On exit  : 
		Unchanged: 
 Data sizes:     COMRAM   BANK0   BANK1   BANK2   BANK3   BANK4   BANK5
      Params:         0       0       0       0       0       0       0
      Locals:         3       0       0       0       0       0       0
      Temps:          2       0       0       0       0       0       0
      Totals:         5       0       0       0       0       0       0
Total ram usage:        5 bytes
 Hardware stack levels used:    1
 This function calls:
		Nothing
 This function is called by:
		_Initialize_PIC
 This function uses a non-reentrant model



MODULE INFORMATION

Module		Function		Class		Link	Load	Size
lab4.c
		_main          		CODE           	0B54	0000	257
		_Initialize_LCD		CODE           	0C54	0000	169
		_Initialize_PIC		CODE           	0E1A	0000	45
		_get_Voltage   		CODE           	061E	0000	437
		_Print_To_LCD  		CODE           	0CFC	0000	157

lab4.c estimated size: 1065

C:\Program Files (x86)\Microchip\xc8\v2.00\pic\sources\c90\common\awmod.c
		___awmod       		CODE           	0A4E	0000	263

C:\Program Files (x86)\Microchip\xc8\v2.00\pic\sources\c90\common\awmod.c estimated size: 263

C:\Program Files (x86)\Microchip\xc8\v2.00\pic\sources\c90\common\awdiv.c
		___awdiv       		CODE           	0934	0000	283

C:\Program Files (x86)\Microchip\xc8\v2.00\pic\sources\c90\common\awdiv.c estimated size: 283

C:\Program Files (x86)\Microchip\xc8\v2.00\pic\sources\c90\common\Umul32.c
		___lmul        		CODE           	0D98	0000	131

C:\Program Files (x86)\Microchip\xc8\v2.00\pic\sources\c90\common\Umul32.c estimated size: 131

shared
		_Clear1        		SMALLCONST     	060B	0000	11
		_LCDstr        		SMALLCONST     	0615	0000	9
		__initialization		CODE           	0E46	0000	33
		_Clear2        		SMALLCONST     	0601	0000	11

shared estimated size: 64

C:\Program Files (x86)\Microchip\xc8\v2.00\pic\sources\c90\common\aldiv.c
		___aldiv       		CODE           	07D2	0000	355

C:\Program Files (x86)\Microchip\xc8\v2.00\pic\sources\c90\common\aldiv.c estimated size: 355

