Microchip MPLAB XC8 Compiler V2.00 ()

Linker command line:

-W-3 --edf=C:\Program Files (x86)\Microchip\xc8\v2.00\pic\dat\en_msgs.txt \
  -cs -h+dist/default/production\Lab7.X.production.sym \
  --cmf=dist/default/production\Lab7.X.production.cmf -z -Q18F4520 \
  -oC:\Users\Nathan\AppData\Local\Temp\s2bs.2 --defsym=__MPLAB_BUILD=1 \
  -Mdist/default/production/Lab7.X.production.map -E1 -ver=XC8 --acfsm=1493 \
  -ASTACK=014Fh-05ffh -pstack=STACK -ACODE=00h-07FFFh -ACONST=00h-07FFFh \
  -ASMALLCONST=0600h-06FFhx122 -AMEDIUMCONST=0600h-07FFFh -ACOMRAM=01h-07Fh \
  -AABS1=00h-05FFh -ABIGRAM=01h-05FFh -ARAM=080h-0FFh,0100h-01FFhx5 \
  -ABANK0=080h-0FFh -ABANK1=0100h-01FFh -ABANK2=0200h-02FFh \
  -ABANK3=0300h-03FFh -ABANK4=0400h-04FFh -ABANK5=0500h-05FFh \
  -ASFR=0F80h-0FFFh -preset_vec=00h,intcode=08h,intcodelo=018h,powerup,init \
  -pramtop=0600h -psmallconst=SMALLCONST -pmediumconst=MEDIUMCONST \
  -pconst=CONST -AFARRAM=00h-00h -ACONFIG=0300000h-030000Dh -pconfig=CONFIG \
  -AIDLOC=0200000h-0200007h -pidloc=IDLOC -AEEDATA=0F00000h-0F000FFh \
  -peeprom_data=EEDATA \
  -prdata=COMRAM,nvrram=COMRAM,nvbit=COMRAM,rbss=COMRAM,rbit=COMRAM \
  -pfarbss=FARRAM,fardata=FARRAM,nvFARRAM=FARRAM \
  -pintsave_regs=BIGRAM,bigbss=BIGRAM,bigdata=BIGRAM -pbss=RAM \
  -pidata=CODE,irdata=CODE,ibigdata=CODE,ifardata=CODE -prparam=COMRAM \
  C:\Users\Nathan\AppData\Local\Temp\s2bs.o \
  dist/default/production\Lab7.X.production.o 

Object code version is 3.11

Machine type is 18F4520

Call graph: (short form)




                Name                               Link     Load   Length Selector   Space Scale
C:\Users\Nathan\AppData\Local\Temp\s2bs.o
                init                                 AE       AE        4        C       0
                reset_vec                             0        0        4        0       0
                idloc                            200000   200000        8   200000       0
                config                           300000   300000        E   300000       0
dist/default/production\Lab7.X.production.o
                intcodelo                            18       18       96        C       0
                intcode                               8        8        6        4       0
                temp                                 56       56        1        1       1
                mediumconst                        7DDE     7DDE      222     3EEF       0
                text93                             379A     379A       6A        C       0
                text92                             3FC4     3FC4       2E        C       0
                text91                             2E50     2E50       7C        C       0
                text90                             4070     4070       1A        C       0
                text89                             3F34     3F34       32        C       0
                text88                             4106     4106       12        C       0
                text87                             3C32     3C32       48        C       0
                text86                             4136     4136        E        C       0
                text85                             2CD8     2CD8       80        C       0
                text84                             2F44     2F44       78        C       0
                text83                             18D0     18D0      22A        C       0
                text82                             36C4     36C4       6C        C       0
                text81                             3658     3658       6C        C       0
                text80                             3F02     3F02       32        C       0
                text79                             39F6     39F6       62        C       0
                text78                             3994     3994       62        C       0
                text77                             3D02     3D02       44        C       0
                text76                             35EC     35EC       6C        C       0
                text75                             311E     311E       76        C       0
                text74                             32EE     32EE       72        C       0
                intcode_body                       3580     3580       6C        C       0
                text72                               B2       B2      586        C       0
                text71                              AA6      AA6      422        C       0
                text70                              638      638      46E        C       0
                text69                             2250     2250      154        C       0
                text68                             1CF8     1CF8      1DC        C       0
                text67                             3ED0     3ED0       32        C       0
                text66                             3A58     3A58       5A        C       0
                text65                             27F0     27F0       EC        C       0
                text64                             28DC     28DC       D8        C       0
                text63                             3FF2     3FF2       2A        C       0
                text62                             3DC6     3DC6       3A        C       0
                text61                             24E0     24E0      132        C       0
                text60                             3730     3730       6A        C       0
                text59                             3F96     3F96       2E        C       0
                text58                             2DD4     2DD4       7C        C       0
                text57                             4128     4128        E        C       0
                text56                             2ECC     2ECC       78        C       0
                text55                             16A6     16A6      22A        C       0
                text54                             3514     3514       6C        C       0
                text53                             34A8     34A8       6C        C       0
                text52                             3932     3932       62        C       0
                text51                             38D0     38D0       62        C       0
                text50                             3CBE     3CBE       44        C       0
                text49                             20AA     20AA      1A6        C       0
                text48                             4056     4056       1A        C       0
                text47                             3BEA     3BEA       48        C       0
                text46                             2C58     2C58       80        C       0
                text45                             3E9E     3E9E       32        C       0
                text44                             343C     343C       6C        C       0
                text43                             30A8     30A8       76        C       0
                text42                             11D0     11D0      28E        C       0
                text41                             3BA2     3BA2       48        C       0
                text39                             403A     403A       1C        C       0
                text38                             327C     327C       72        C       0
                text37                             3032     3032       76        C       0
                text36                             3F66     3F66       30        C       0
                text35                             2BD8     2BD8       80        C       0
                text34                             401C     401C       1E        C       0
                text33                             3B04     3B04       52        C       0
                text32                             4118     4118       10        C       0
                text31                             2A42     2A42       8C        C       0
                text30                             3AB2     3AB2       52        C       0
                text29                             3E38     3E38       34        C       0
                text28                             40A0     40A0       16        C       0
                text27                             408A     408A       16        C       0
                text26                             2D58     2D58       7C        C       0
                text25                             145E     145E      248        C       0
                text24                             2FBC     2FBC       76        C       0
                text23                             3360     3360       70        C       0
                text22                             3E00     3E00       38        C       0
                text21                             2ACE     2ACE       88        C       0
                text20                             3208     3208       74        C       0
                text19                             386A     386A       66        C       0
                text18                             3804     3804       66        C       0
                text17                             3C7A     3C7A       44        C       0
                text16                             3194     3194       74        C       0
                text15                             2B56     2B56       82        C       0
                text14                             3B56     3B56       4C        C       0
                text13                             33D0     33D0       6C        C       0
                text12                             40F2     40F2       14        C       0
                text11                             40DE     40DE       14        C       0
                text10                             29B4     29B4       8E        C       0
                text9                              2702     2702       EE        C       0
                text8                              2612     2612       F0        C       0
                text7                              3E6C     3E6C       32        C       0
                text6                              3D88     3D88       3E        C       0
                text5                              23A4     23A4      13C        C       0
                text4                              1ED4     1ED4      1D6        C       0
                text3                              40CA     40CA       14        C       0
                text2                              40B6     40B6       14        C       0
                text1                              1AFA     1AFA      1FE        C       0
                text0                               EC8      EC8      308        C       0
                cstackCOMRAM                          1        1       55        1       1
                cstackBANK0                          80       80       41       80       1
                cstackBANK1                         100      100       33      100       1
                dataBANK1                           142      142        D      100       1
                bssBANK1                            133      133        F      100       1
                bssBANK0                             C1       C1        3       80       1
                cinit                              3D46     3D46       42        C       0
                idataBANK1                         4144     4144        D        C       0

TOTAL           Name                               Link     Load   Length     Space
        CLASS   STACK          

        CLASS   CODE           
                intcodelo                            18       18       96         0
                intcode                               8        8        6         0
                init                                 AE       AE        4         0
                reset_vec                             0        0        4         0
                text93                             379A     379A       6A         0
                text92                             3FC4     3FC4       2E         0
                text91                             2E50     2E50       7C         0
                text90                             4070     4070       1A         0
                text89                             3F34     3F34       32         0
                text88                             4106     4106       12         0
                text87                             3C32     3C32       48         0
                text86                             4136     4136        E         0
                text85                             2CD8     2CD8       80         0
                text84                             2F44     2F44       78         0
                text83                             18D0     18D0      22A         0
                text82                             36C4     36C4       6C         0
                text81                             3658     3658       6C         0
                text80                             3F02     3F02       32         0
                text79                             39F6     39F6       62         0
                text78                             3994     3994       62         0
                text77                             3D02     3D02       44         0
                text76                             35EC     35EC       6C         0
                text75                             311E     311E       76         0
                text74                             32EE     32EE       72         0
                intcode_body                       3580     3580       6C         0
                text72                               B2       B2      586         0
                text71                              AA6      AA6      422         0
                text70                              638      638      46E         0
                text69                             2250     2250      154         0
                text68                             1CF8     1CF8      1DC         0
                text67                             3ED0     3ED0       32         0
                text66                             3A58     3A58       5A         0
                text65                             27F0     27F0       EC         0
                text64                             28DC     28DC       D8         0
                text63                             3FF2     3FF2       2A         0
                text62                             3DC6     3DC6       3A         0
                text61                             24E0     24E0      132         0
                text60                             3730     3730       6A         0
                text59                             3F96     3F96       2E         0
                text58                             2DD4     2DD4       7C         0
                text57                             4128     4128        E         0
                text56                             2ECC     2ECC       78         0
                text55                             16A6     16A6      22A         0
                text54                             3514     3514       6C         0
                text53                             34A8     34A8       6C         0
                text52                             3932     3932       62         0
                text51                             38D0     38D0       62         0
                text50                             3CBE     3CBE       44         0
                text49                             20AA     20AA      1A6         0
                text48                             4056     4056       1A         0
                text47                             3BEA     3BEA       48         0
                text46                             2C58     2C58       80         0
                text45                             3E9E     3E9E       32         0
                text44                             343C     343C       6C         0
                text43                             30A8     30A8       76         0
                text42                             11D0     11D0      28E         0
                text41                             3BA2     3BA2       48         0
                text39                             403A     403A       1C         0
                text38                             327C     327C       72         0
                text37                             3032     3032       76         0
                text36                             3F66     3F66       30         0
                text35                             2BD8     2BD8       80         0
                text34                             401C     401C       1E         0
                text33                             3B04     3B04       52         0
                text32                             4118     4118       10         0
                text31                             2A42     2A42       8C         0
                text30                             3AB2     3AB2       52         0
                text29                             3E38     3E38       34         0
                text28                             40A0     40A0       16         0
                text27                             408A     408A       16         0
                text26                             2D58     2D58       7C         0
                text25                             145E     145E      248         0
                text24                             2FBC     2FBC       76         0
                text23                             3360     3360       70         0
                text22                             3E00     3E00       38         0
                text21                             2ACE     2ACE       88         0
                text20                             3208     3208       74         0
                text19                             386A     386A       66         0
                text18                             3804     3804       66         0
                text17                             3C7A     3C7A       44         0
                text16                             3194     3194       74         0
                text15                             2B56     2B56       82         0
                text14                             3B56     3B56       4C         0
                text13                             33D0     33D0       6C         0
                text12                             40F2     40F2       14         0
                text11                             40DE     40DE       14         0
                text10                             29B4     29B4       8E         0
                text9                              2702     2702       EE         0
                text8                              2612     2612       F0         0
                text7                              3E6C     3E6C       32         0
                text6                              3D88     3D88       3E         0
                text5                              23A4     23A4      13C         0
                text4                              1ED4     1ED4      1D6         0
                text3                              40CA     40CA       14         0
                text2                              40B6     40B6       14         0
                text1                              1AFA     1AFA      1FE         0
                text0                               EC8      EC8      308         0
                cinit                              3D46     3D46       42         0
                idataBANK1                         4144     4144        D         0

        CLASS   CONST          

        CLASS   SMALLCONST     

        CLASS   MEDIUMCONST    
                mediumconst                        7DDE     7DDE      222         0

        CLASS   COMRAM         
                temp                                 56       56        1         1
                cstackCOMRAM                          1        1       55         1

        CLASS   ABS1           

        CLASS   BIGRAM         

        CLASS   RAM            

        CLASS   BANK0          
                cstackBANK0                          80       80       41         1
                bssBANK0                             C1       C1        3         1

        CLASS   BANK1          
                cstackBANK1                         100      100       33         1
                dataBANK1                           142      142        D         1
                bssBANK1                            133      133        F         1

        CLASS   BANK2          

        CLASS   BANK3          

        CLASS   BANK4          

        CLASS   BANK5          

        CLASS   SFR            

        CLASS   FARRAM         

        CLASS   CONFIG         
                config                           300000   300000        E         0

        CLASS   IDLOC          
                idloc                            200000   200000        8         0

        CLASS   EEDATA         



SEGMENTS        Name                           Load    Length   Top    Selector   Space  Class

                reset_vec                      000000  000004  000004         0       0  CODE    
                cstackCOMRAM                   000001  000056  000057         1       1  COMRAM  
                intcode                        000008  000006  00000E         4       0  CODE    
                intcodelo                      000018  004139  004151         C       0  CODE    
                cstackBANK0                    000080  000044  0000C4        80       1  BANK0   
                cstackBANK1                    000100  00004F  00014F       100       1  BANK1   
                mediumconst                    007DDE  000222  008000      3EEF       0  MEDIUMCO
                idloc                          200000  000008  200008    200000       0  IDLOC   
                config                         300000  00000E  30000E    300000       0  CONFIG  


UNUSED ADDRESS RANGES

        Name                Unused          Largest block    Delta
        BANK0            0000C4-0000FF               3C
        BANK1            00014F-0001FF               B1
        BANK2            000200-0002FF              100
        BANK3            000300-0003FF              100
        BANK4            000400-0004FF              100
        BANK5            000500-0005FF              100
        BIGRAM           000057-00007F               29
                         0000C4-0000FF               3C
                         00014F-0005FF              4B1
        CODE             000004-000007                4
                         00000E-000017                A
                         004151-007DDD             3C8D
        COMRAM           000057-00007F               29
        CONST            000004-000007                4
                         00000E-000017                A
                         004151-007DDD             3C8D
        EEDATA           F00000-F000FF              100
        MEDIUMCONST      004151-007DDD             3C8D
        RAM              0000C4-0000FF               3C
                         00014F-0005FF              100
        SFR              000F80-000FFF               80
        SMALLCONST       004151-007DDD              100
        STACK            00014F-0005FF              4B1

                                  Symbol Table

?___awdiv                          cstackBANK1  000102
?___awmod                          cstackBANK0  0000BC
?___fladd                          cstackBANK0  000080
?___fldiv                          cstackBANK0  000080
?___flmul                          cstackCOMRAM 000037
?___fltol                          cstackBANK0  000090
?___wmul                           cstackBANK1  000100
?___xxtofl                         cstackCOMRAM 000029
?_atoi                             cstackBANK1  000104
?_isValidEntry                     cstackBANK0  0000BC
?_strcmp                           cstackBANK0  0000BC
?_strlen                           cstackBANK0  0000BC
?i1___awdiv                        cstackCOMRAM 00002F
?i1___awmod                        cstackCOMRAM 000029
?i1___wmul                         cstackCOMRAM 000029
?i1_atoi                           cstackCOMRAM 00002F
?i1_isValidEntry                   cstackCOMRAM 000029
?i1_strcmp                         cstackCOMRAM 000029
?i1_strlen                         cstackCOMRAM 000029
?i2_isValidEntry                   cstackCOMRAM 000001
?i2_strcmp                         cstackCOMRAM 000001
?i2_strlen                         cstackCOMRAM 000001
EEPROM_ReadByte@c                  cstackBANK0  0000BD
EEPROM_ReadByte@eepromAddress      cstackBANK0  0000BC
EEPROM_ReadString@eepromAddress    cstackBANK1  000100
EEPROM_ReadString@eepromData       cstackBANK1  000102
EEPROM_ReadString@i                cstackBANK0  0000BF
EEPROM_ReadString@size             cstackBANK1  000104
EEPROM_WriteByte@eepromAddress     cstackBANK0  0000BD
EEPROM_WriteByte@eepromData        cstackBANK0  0000BC
EEPROM_WriteString@eepromAddress   cstackBANK1  000100
EEPROM_WriteString@eepromData      cstackBANK1  000102
EEPROM_WriteString@i               cstackBANK0  0000BF
EEPROM_WriteString@size            cstackBANK1  000104
Red_LED@option                     cstackCOMRAM 000020
_ADCON0                            (abs)        000FC2
_ADCON0bits                        (abs)        000FC2
_ADCON1bits                        (abs)        000FC1
_ADCON2                            (abs)        000FC0
_ADRESH                            (abs)        000FC4
_ADRESL                            (abs)        000FC3
_EEADR                             (abs)        000FA9
_EECON1bits                        (abs)        000FA6
_EECON2                            (abs)        000FA7
_EEDATA                            (abs)        000FA8
_EEPROM_ReadByte                   text39       00403A
_EEPROM_ReadString                 text38       00327C
_EEPROM_WriteByte                  text29       003E38
_EEPROM_WriteString                text20       003208
_INTCON2                           (abs)        000FF1
_INTCON3                           (abs)        000FF0
_INTCONbits                        (abs)        000FF2
_PIR1bits                          (abs)        000F9E
_PORTAbits                         (abs)        000F80
_PORTBbits                         (abs)        000F81
_PORTCbits                         (abs)        000F82
_PORTDbits                         (abs)        000F83
_RB0_Interrupt                     intcode      000008
_RCONbits                          (abs)        000FD0
_RCREG                             (abs)        000FAE
_RCSTAbits                         (abs)        000FAB
_Red_LED                           text74       0032EE
_SPBRG                             (abs)        000FAF
_T0CONbits                         (abs)        000FD5
_TMR0H                             (abs)        000FD7
_TMR0L                             (abs)        000FD6
_TRISAbits                         (abs)        000F92
_TRISBbits                         (abs)        000F93
_TRISCbits                         (abs)        000F94
_TRISDbits                         (abs)        000F95
_TXREG                             (abs)        000FAD
_TXSTAbits                         (abs)        000FAC
_Timer                             intcodelo    000018
__CFG_LVP$OFF                      (abs)        000000
__CFG_MCLRE$ON                     (abs)        000000
__CFG_OSC$HS                       (abs)        000000
__CFG_PWRT$OFF                     (abs)        000000
__CFG_WDT$OFF                      (abs)        000000
__HRAM                             (abs)        000000
__Habs1                            abs1         000000
__Hbank0                           bank0        000000
__Hbank1                           bank1        000000
__Hbank2                           bank2        000000
__Hbank3                           bank3        000000
__Hbank4                           bank4        000000
__Hbank5                           bank5        000000
__Hbigbss                          bigbss       000000
__Hbigdata                         bigdata      000000
__Hbigram                          bigram       000000
__Hbss                             bss          000000
__HbssBANK0                        bssBANK0     000000
__HbssBANK1                        bssBANK1     000000
__Hcinit                           cinit        000000
__Hclrtext                         clrtext      000000
__Hcomram                          comram       000000
__Hconfig                          config       30000E
__Hconst                           const        000000
__HcstackBANK0                     cstackBANK0  000000
__HcstackBANK1                     cstackBANK1  000000
__HcstackCOMRAM                    cstackCOMRAM 000000
__Hdata                            data         000000
__HdataBANK1                       dataBANK1    000000
__Heeprom_data                     eeprom_data  000000
__Hfarbss                          farbss       000000
__Hfardata                         fardata      000000
__Hibigdata                        ibigdata     000000
__Hidata                           idata        000000
__HidataBANK1                      idataBANK1   000000
__Hidloc                           idloc        200008
__Hifardata                        ifardata     000000
__Hinit                            init         0000B2
__Hintcode                         intcode      00000E
__Hintcode_body                    intcode_body 000000
__Hintcodelo                       intcodelo    0000AE
__Hintentry                        intentry     000000
__Hintret                          intret       000000
__Hintsave_regs                    intsave_regs 000000
__Hirdata                          irdata       000000
__Hmediumconst                     mediumconst  008000
__HnvFARRAM                        nvFARRAM     000000
__Hnvbit                           nvbit        000000
__Hnvrram                          nvrram       000000
__Hparam                           rparam       000000
__Hpowerup                         powerup      0000AE
__Hram                             ram          000000
__Hramtop                          ramtop       000600
__Hrbit                            rbit         000000
__Hrbss                            rbss         000000
__Hrdata                           rdata        000000
__Hreset_vec                       reset_vec    000004
__Hrparam                          rparam       000000
__Hsfr                             sfr          000000
__Hsmallconst                      smallconst   000000
__Hspace_0                         (abs)        30000E
__Hspace_1                         (abs)        00014F
__Hspace_2                         (abs)        000000
__Hstack                           stack        000000
__Hstruct                          struct       000000
__Htemp                            temp         000057
__Htext                            text         000000
__Htext0                           text0        000000
__Htext1                           text1        000000
__Htext10                          text10       000000
__Htext11                          text11       000000
__Htext12                          text12       000000
__Htext13                          text13       000000
__Htext14                          text14       000000
__Htext15                          text15       000000
__Htext16                          text16       000000
__Htext17                          text17       000000
__Htext18                          text18       000000
__Htext19                          text19       000000
__Htext2                           text2        000000
__Htext20                          text20       000000
__Htext21                          text21       000000
__Htext22                          text22       000000
__Htext23                          text23       000000
__Htext24                          text24       000000
__Htext25                          text25       000000
__Htext26                          text26       000000
__Htext27                          text27       000000
__Htext28                          text28       000000
__Htext29                          text29       000000
__Htext3                           text3        000000
__Htext30                          text30       000000
__Htext31                          text31       000000
__Htext32                          text32       000000
__Htext33                          text33       000000
__Htext34                          text34       000000
__Htext35                          text35       000000
__Htext36                          text36       000000
__Htext37                          text37       000000
__Htext38                          text38       000000
__Htext39                          text39       000000
__Htext4                           text4        000000
__Htext41                          text41       000000
__Htext42                          text42       000000
__Htext43                          text43       000000
__Htext44                          text44       000000
__Htext45                          text45       000000
__Htext46                          text46       000000
__Htext47                          text47       000000
__Htext48                          text48       000000
__Htext49                          text49       000000
__Htext5                           text5        000000
__Htext50                          text50       000000
__Htext51                          text51       000000
__Htext52                          text52       000000
__Htext53                          text53       000000
__Htext54                          text54       000000
__Htext55                          text55       000000
__Htext56                          text56       000000
__Htext57                          text57       000000
__Htext58                          text58       000000
__Htext59                          text59       000000
__Htext6                           text6        000000
__Htext60                          text60       000000
__Htext61                          text61       000000
__Htext62                          text62       000000
__Htext63                          text63       000000
__Htext64                          text64       000000
__Htext65                          text65       000000
__Htext66                          text66       000000
__Htext67                          text67       000000
__Htext68                          text68       000000
__Htext69                          text69       000000
__Htext7                           text7        000000
__Htext70                          text70       000000
__Htext71                          text71       000000
__Htext72                          text72       000000
__Htext74                          text74       000000
__Htext75                          text75       000000
__Htext76                          text76       000000
__Htext77                          text77       000000
__Htext78                          text78       000000
__Htext79                          text79       000000
__Htext8                           text8        000000
__Htext80                          text80       000000
__Htext81                          text81       000000
__Htext82                          text82       000000
__Htext83                          text83       000000
__Htext84                          text84       000000
__Htext85                          text85       000000
__Htext86                          text86       000000
__Htext87                          text87       000000
__Htext88                          text88       000000
__Htext89                          text89       000000
__Htext9                           text9        000000
__Htext90                          text90       000000
__Htext91                          text91       000000
__Htext92                          text92       000000
__Htext93                          text93       000000
__LRAM                             (abs)        000001
__Labs1                            abs1         000000
__Lbank0                           bank0        000000
__Lbank1                           bank1        000000
__Lbank2                           bank2        000000
__Lbank3                           bank3        000000
__Lbank4                           bank4        000000
__Lbank5                           bank5        000000
__Lbigbss                          bigbss       000000
__Lbigdata                         bigdata      000000
__Lbigram                          bigram       000000
__Lbss                             bss          000000
__LbssBANK0                        bssBANK0     000000
__LbssBANK1                        bssBANK1     000000
__Lcinit                           cinit        000000
__Lclrtext                         clrtext      000000
__Lcomram                          comram       000000
__Lconfig                          config       300000
__Lconst                           const        000000
__LcstackBANK0                     cstackBANK0  000000
__LcstackBANK1                     cstackBANK1  000000
__LcstackCOMRAM                    cstackCOMRAM 000000
__Ldata                            data         000000
__LdataBANK1                       dataBANK1    000000
__Leeprom_data                     eeprom_data  000000
__Lfarbss                          farbss       000000
__Lfardata                         fardata      000000
__Libigdata                        ibigdata     000000
__Lidata                           idata        000000
__LidataBANK1                      idataBANK1   000000
__Lidloc                           idloc        200000
__Lifardata                        ifardata     000000
__Linit                            init         0000AE
__Lintcode                         intcode      000008
__Lintcode_body                    intcode_body 000000
__Lintcodelo                       intcodelo    000018
__Lintentry                        intentry     000000
__Lintret                          intret       000000
__Lintsave_regs                    intsave_regs 000000
__Lirdata                          irdata       000000
__Lmediumconst                     mediumconst  007DDE
__LnvFARRAM                        nvFARRAM     000000
__Lnvbit                           nvbit        000000
__Lnvrram                          nvrram       000000
__Lparam                           rparam       000000
__Lpowerup                         powerup      0000AE
__Lram                             ram          000000
__Lramtop                          ramtop       000600
__Lrbit                            rbit         000000
__Lrbss                            rbss         000000
__Lrdata                           rdata        000000
__Lreset_vec                       reset_vec    000000
__Lrparam                          rparam       000000
__Lsfr                             sfr          000000
__Lsmallconst                      smallconst   000000
__Lspace_0                         (abs)        000000
__Lspace_1                         (abs)        000000
__Lspace_2                         (abs)        000000
__Lstack                           stack        000000
__Lstruct                          struct       000000
__Ltemp                            temp         000056
__Ltext                            text         000000
__Ltext0                           text0        000000
__Ltext1                           text1        000000
__Ltext10                          text10       000000
__Ltext11                          text11       000000
__Ltext12                          text12       000000
__Ltext13                          text13       000000
__Ltext14                          text14       000000
__Ltext15                          text15       000000
__Ltext16                          text16       000000
__Ltext17                          text17       000000
__Ltext18                          text18       000000
__Ltext19                          text19       000000
__Ltext2                           text2        000000
__Ltext20                          text20       000000
__Ltext21                          text21       000000
__Ltext22                          text22       000000
__Ltext23                          text23       000000
__Ltext24                          text24       000000
__Ltext25                          text25       000000
__Ltext26                          text26       000000
__Ltext27                          text27       000000
__Ltext28                          text28       000000
__Ltext29                          text29       000000
__Ltext3                           text3        000000
__Ltext30                          text30       000000
__Ltext31                          text31       000000
__Ltext32                          text32       000000
__Ltext33                          text33       000000
__Ltext34                          text34       000000
__Ltext35                          text35       000000
__Ltext36                          text36       000000
__Ltext37                          text37       000000
__Ltext38                          text38       000000
__Ltext39                          text39       000000
__Ltext4                           text4        000000
__Ltext41                          text41       000000
__Ltext42                          text42       000000
__Ltext43                          text43       000000
__Ltext44                          text44       000000
__Ltext45                          text45       000000
__Ltext46                          text46       000000
__Ltext47                          text47       000000
__Ltext48                          text48       000000
__Ltext49                          text49       000000
__Ltext5                           text5        000000
__Ltext50                          text50       000000
__Ltext51                          text51       000000
__Ltext52                          text52       000000
__Ltext53                          text53       000000
__Ltext54                          text54       000000
__Ltext55                          text55       000000
__Ltext56                          text56       000000
__Ltext57                          text57       000000
__Ltext58                          text58       000000
__Ltext59                          text59       000000
__Ltext6                           text6        000000
__Ltext60                          text60       000000
__Ltext61                          text61       000000
__Ltext62                          text62       000000
__Ltext63                          text63       000000
__Ltext64                          text64       000000
__Ltext65                          text65       000000
__Ltext66                          text66       000000
__Ltext67                          text67       000000
__Ltext68                          text68       000000
__Ltext69                          text69       000000
__Ltext7                           text7        000000
__Ltext70                          text70       000000
__Ltext71                          text71       000000
__Ltext72                          text72       000000
__Ltext74                          text74       000000
__Ltext75                          text75       000000
__Ltext76                          text76       000000
__Ltext77                          text77       000000
__Ltext78                          text78       000000
__Ltext79                          text79       000000
__Ltext8                           text8        000000
__Ltext80                          text80       000000
__Ltext81                          text81       000000
__Ltext82                          text82       000000
__Ltext83                          text83       000000
__Ltext84                          text84       000000
__Ltext85                          text85       000000
__Ltext86                          text86       000000
__Ltext87                          text87       000000
__Ltext88                          text88       000000
__Ltext89                          text89       000000
__Ltext9                           text9        000000
__Ltext90                          text90       000000
__Ltext91                          text91       000000
__Ltext92                          text92       000000
__Ltext93                          text93       000000
__S0                               (abs)        30000E
__S1                               (abs)        00014F
__S2                               (abs)        000000
___awdiv                           text9        002702
___awdiv@counter                   cstackBANK1  000106
___awdiv@dividend                  cstackBANK1  000102
___awdiv@divisor                   cstackBANK1  000104
___awdiv@quotient                  cstackBANK1  000108
___awdiv@sign                      cstackBANK1  000107
___awmod                           text8        002612
___awmod@counter                   cstackBANK1  000100
___awmod@dividend                  cstackBANK0  0000BC
___awmod@divisor                   cstackBANK0  0000BE
___awmod@sign                      cstackBANK1  000101
___fladd                           text72       0000B2
___fladd@a                         cstackBANK0  000084
___fladd@aexp                      cstackCOMRAM 000051
___fladd@b                         cstackBANK0  000080
___fladd@bexp                      cstackCOMRAM 000052
___fladd@grs                       cstackCOMRAM 000053
___fladd@signs                     cstackCOMRAM 000050
___fldiv                           text71       000AA6
___fldiv@a                         cstackBANK0  000084
___fldiv@aexp                      cstackBANK0  000094
___fldiv@b                         cstackBANK0  000080
___fldiv@bexp                      cstackBANK0  000093
___fldiv@grs                       cstackBANK0  00008F
___fldiv@new_exp                   cstackBANK0  00008D
___fldiv@rem                       cstackBANK0  000088
___fldiv@sign                      cstackBANK0  00008C
___flmul                           text70       000638
___flmul@a                         cstackCOMRAM 00003B
___flmul@aexp                      cstackCOMRAM 000048
___flmul@b                         cstackCOMRAM 000037
___flmul@bexp                      cstackCOMRAM 000049
___flmul@grs                       cstackCOMRAM 000044
___flmul@prod                      cstackCOMRAM 00004A
___flmul@sign                      cstackCOMRAM 000043
___flmul@temp                      cstackCOMRAM 00004E
___fltol                           text69       002250
___fltol@exp1                      cstackCOMRAM 000055
___fltol@f1                        cstackBANK0  000090
___fltol@sign1                     cstackCOMRAM 000054
___inthi_sp                        stack        000000
___intlo_sp                        stack        000000
___param_bank                      (abs)        000000
___rparam_used                     (abs)        000001
___sp                              stack        000000
___wmul                            text7        003E6C
___wmul@multiplicand               cstackBANK1  000102
___wmul@multiplier                 cstackBANK1  000100
___wmul@product                    cstackBANK0  0000BE
___xxtofl                          text68       001CF8
___xxtofl@arg                      cstackCOMRAM 000033
___xxtofl@exp                      cstackCOMRAM 000032
___xxtofl@sign                     cstackCOMRAM 000031
___xxtofl@val                      cstackCOMRAM 000029
__accesstop                        (abs)        000080
__activetblptr                     (abs)        000002
__end_of_EEPROM_ReadByte           text39       004056
__end_of_EEPROM_ReadString         text38       0032EE
__end_of_EEPROM_WriteByte          text29       003E6C
__end_of_EEPROM_WriteString        text20       00327C
__end_of_RB0_Interrupt             intcode_body 0035EC
__end_of_Red_LED                   text74       003360
__end_of_Timer                     intcodelo    0000AE
__end_of___awdiv                   text9        0027F0
__end_of___awmod                   text8        002702
__end_of___fladd                   text72       000638
__end_of___fldiv                   text71       000EC8
__end_of___flmul                   text70       000AA6
__end_of___fltol                   text69       0023A4
__end_of___wmul                    text7        003E9E
__end_of___xxtofl                  text68       001ED4
__end_of__initialization           cinit        003D7A
__end_of_adjustTemp                text4        0020AA
__end_of_atoi                      text5        0024E0
__end_of_changePasscode            text14       003BA2
__end_of_clear                     text34       00403A
__end_of_disablePIR                text12       004106
__end_of_disableTemp               text3        0040DE
__end_of_displayMenu               text31       002ACE
__end_of_enableKeyboard            text28       0040B6
__end_of_enableKeypad              text27       0040A0
__end_of_enablePIR                 text11       0040F2
__end_of_enableTemp                text2        0040CA
__end_of_enabledDisabled           text33       003B56
__end_of_getTemp                   text42       00145E
__end_of_initialize_timer          text30       003B04
__end_of_inputHandler              text21       002B56
__end_of_isValidEntry              text26       002DD4
__end_of_isdigit                   text6        003DC6
__end_of_keypadReceive             text25       0016A6
__end_of_keypadReceiveString       text19       0038D0
__end_of_main                      text0        0011D0
__end_of_newLine                   text32       004128
__end_of_passcodeHandler           text13       00343C
__end_of_pirHandler                text10       002A42
__end_of_receive                   text24       003032
__end_of_receiveFinal              text22       003E38
__end_of_receiveString             text18       00386A
__end_of_receiveStringFinal        text17       003CBE
__end_of_strcmp                    text16       003208
__end_of_strlen                    text37       0030A8
__end_of_tempHandler               text1        001CF8
__end_of_transmit                  text36       003F96
__end_of_transmitString            text35       002C58
__end_of_validatePassword          text15       002BD8
__end_of_waitForEnter              text23       0033D0
__end_ofi1_EEPROM_WriteByte        text67       003F02
__end_ofi1_EEPROM_WriteString      text66       003AB2
__end_ofi1___awdiv                 text65       0028DC
__end_ofi1___awmod                 text64       0029B4
__end_ofi1___wmul                  text63       00401C
__end_ofi1_adjustTemp              text49       002250
__end_ofi1_atoi                    text61       002612
__end_ofi1_clear                   text48       004070
__end_ofi1_displayMenu             text46       002CD8
__end_ofi1_enabledDisabled         text47       003C32
__end_ofi1_initialize_timer        text41       003BEA
__end_ofi1_isValidEntry            text56       002F44
__end_ofi1_isdigit                 text62       003E00
__end_ofi1_keypadReceive           text55       0018D0
__end_ofi1_keypadReceiveString     text52       003994
__end_ofi1_newLine                 text57       004136
__end_ofi1_receive                 text54       003580
__end_ofi1_receiveFinal            text45       003ED0
__end_ofi1_receiveString           text51       003932
__end_ofi1_receiveStringFinal      text50       003D02
__end_ofi1_strcmp                  text44       0034A8
__end_ofi1_strlen                  text60       00379A
__end_ofi1_transmit                text59       003FC4
__end_ofi1_transmitString          text58       002E50
__end_ofi1_validatePassword        text43       00311E
__end_ofi1_waitForEnter            text53       003514
__end_ofi2_EEPROM_WriteByte        text89       003F66
__end_ofi2_clear                   text90       00408A
__end_ofi2_disablePIR              text88       004118
__end_ofi2_displayMenu             text85       002D58
__end_ofi2_enabledDisabled         text87       003C7A
__end_ofi2_isValidEntry            text84       002FBC
__end_ofi2_keypadReceive           text83       001AFA
__end_ofi2_keypadReceiveString     text79       003A58
__end_ofi2_newLine                 text86       004144
__end_ofi2_receive                 text82       003730
__end_ofi2_receiveFinal            text80       003F34
__end_ofi2_receiveString           text78       0039F6
__end_ofi2_receiveStringFinal      text77       003D46
__end_ofi2_strcmp                  text76       003658
__end_ofi2_strlen                  text93       003804
__end_ofi2_transmit                text92       003FF2
__end_ofi2_transmitString          text91       002ECC
__end_ofi2_validatePassword        text75       003194
__end_ofi2_waitForEnter            text81       0036C4
__initialization                   cinit        003D46
__mediumconst                      mediumconst  007DDE
__pbssBANK0                        bssBANK0     0000C1
__pbssBANK1                        bssBANK1     000133
__pcinit                           cinit        003D46
__pcstackBANK0                     cstackBANK0  000080
__pcstackBANK1                     cstackBANK1  000100
__pcstackCOMRAM                    cstackCOMRAM 000001
__pdataBANK1                       dataBANK1    000142
__pidataBANK1                      idataBANK1   004144
__pintcode                         intcode      000008
__pintcode_body                    intcode_body 003580
__pintcodelo                       intcodelo    000018
__pmediumconst                     mediumconst  007DDE
__ptext0                           text0        000EC8
__ptext1                           text1        001AFA
__ptext10                          text10       0029B4
__ptext11                          text11       0040DE
__ptext12                          text12       0040F2
__ptext13                          text13       0033D0
__ptext14                          text14       003B56
__ptext15                          text15       002B56
__ptext16                          text16       003194
__ptext17                          text17       003C7A
__ptext18                          text18       003804
__ptext19                          text19       00386A
__ptext2                           text2        0040B6
__ptext20                          text20       003208
__ptext21                          text21       002ACE
__ptext22                          text22       003E00
__ptext23                          text23       003360
__ptext24                          text24       002FBC
__ptext25                          text25       00145E
__ptext26                          text26       002D58
__ptext27                          text27       00408A
__ptext28                          text28       0040A0
__ptext29                          text29       003E38
__ptext3                           text3        0040CA
__ptext30                          text30       003AB2
__ptext31                          text31       002A42
__ptext32                          text32       004118
__ptext33                          text33       003B04
__ptext34                          text34       00401C
__ptext35                          text35       002BD8
__ptext36                          text36       003F66
__ptext37                          text37       003032
__ptext38                          text38       00327C
__ptext39                          text39       00403A
__ptext4                           text4        001ED4
__ptext41                          text41       003BA2
__ptext42                          text42       0011D0
__ptext43                          text43       0030A8
__ptext44                          text44       00343C
__ptext45                          text45       003E9E
__ptext46                          text46       002C58
__ptext47                          text47       003BEA
__ptext48                          text48       004056
__ptext49                          text49       0020AA
__ptext5                           text5        0023A4
__ptext50                          text50       003CBE
__ptext51                          text51       0038D0
__ptext52                          text52       003932
__ptext53                          text53       0034A8
__ptext54                          text54       003514
__ptext55                          text55       0016A6
__ptext56                          text56       002ECC
__ptext57                          text57       004128
__ptext58                          text58       002DD4
__ptext59                          text59       003F96
__ptext6                           text6        003D88
__ptext60                          text60       003730
__ptext61                          text61       0024E0
__ptext62                          text62       003DC6
__ptext63                          text63       003FF2
__ptext64                          text64       0028DC
__ptext65                          text65       0027F0
__ptext66                          text66       003A58
__ptext67                          text67       003ED0
__ptext68                          text68       001CF8
__ptext69                          text69       002250
__ptext7                           text7        003E6C
__ptext70                          text70       000638
__ptext71                          text71       000AA6
__ptext72                          text72       0000B2
__ptext74                          text74       0032EE
__ptext75                          text75       00311E
__ptext76                          text76       0035EC
__ptext77                          text77       003D02
__ptext78                          text78       003994
__ptext79                          text79       0039F6
__ptext8                           text8        002612
__ptext80                          text80       003F02
__ptext81                          text81       003658
__ptext82                          text82       0036C4
__ptext83                          text83       0018D0
__ptext84                          text84       002F44
__ptext85                          text85       002CD8
__ptext86                          text86       004136
__ptext87                          text87       003C32
__ptext88                          text88       004106
__ptext89                          text89       003F34
__ptext9                           text9        002702
__ptext90                          text90       004070
__ptext91                          text91       002E50
__ptext92                          text92       003FC4
__ptext93                          text93       00379A
__ramtop                           ramtop       000600
__size_of_EEPROM_ReadByte          (abs)        000000
__size_of_EEPROM_ReadString        (abs)        000000
__size_of_EEPROM_WriteByte         (abs)        000000
__size_of_EEPROM_WriteString       (abs)        000000
__size_of_RB0_Interrupt            (abs)        000000
__size_of_Red_LED                  (abs)        000000
__size_of_Timer                    (abs)        000000
__size_of___awdiv                  (abs)        000000
__size_of___awmod                  (abs)        000000
__size_of___fladd                  (abs)        000000
__size_of___fldiv                  (abs)        000000
__size_of___flmul                  (abs)        000000
__size_of___fltol                  (abs)        000000
__size_of___wmul                   (abs)        000000
__size_of___xxtofl                 (abs)        000000
__size_of_adjustTemp               (abs)        000000
__size_of_atoi                     (abs)        000000
__size_of_changePasscode           (abs)        000000
__size_of_clear                    (abs)        000000
__size_of_disablePIR               (abs)        000000
__size_of_disableTemp              (abs)        000000
__size_of_displayMenu              (abs)        000000
__size_of_enableKeyboard           (abs)        000000
__size_of_enableKeypad             (abs)        000000
__size_of_enablePIR                (abs)        000000
__size_of_enableTemp               (abs)        000000
__size_of_enabledDisabled          (abs)        000000
__size_of_getTemp                  (abs)        000000
__size_of_initialize_timer         (abs)        000000
__size_of_inputHandler             (abs)        000000
__size_of_isValidEntry             (abs)        000000
__size_of_isdigit                  (abs)        000000
__size_of_keypadReceive            (abs)        000000
__size_of_keypadReceiveString      (abs)        000000
__size_of_main                     (abs)        000000
__size_of_newLine                  (abs)        000000
__size_of_passcodeHandler          (abs)        000000
__size_of_pirHandler               (abs)        000000
__size_of_receive                  (abs)        000000
__size_of_receiveFinal             (abs)        000000
__size_of_receiveString            (abs)        000000
__size_of_receiveStringFinal       (abs)        000000
__size_of_strcmp                   (abs)        000000
__size_of_strlen                   (abs)        000000
__size_of_tempHandler              (abs)        000000
__size_of_transmit                 (abs)        000000
__size_of_transmitString           (abs)        000000
__size_of_validatePassword         (abs)        000000
__size_of_waitForEnter             (abs)        000000
__size_ofi1_EEPROM_WriteByte       (abs)        000000
__size_ofi1_EEPROM_WriteString     (abs)        000000
__size_ofi1___awdiv                (abs)        000000
__size_ofi1___awmod                (abs)        000000
__size_ofi1___wmul                 (abs)        000000
__size_ofi1_adjustTemp             (abs)        000000
__size_ofi1_atoi                   (abs)        000000
__size_ofi1_clear                  (abs)        000000
__size_ofi1_displayMenu            (abs)        000000
__size_ofi1_enabledDisabled        (abs)        000000
__size_ofi1_initialize_timer       (abs)        000000
__size_ofi1_isValidEntry           (abs)        000000
__size_ofi1_isdigit                (abs)        000000
__size_ofi1_keypadReceive          (abs)        000000
__size_ofi1_keypadReceiveString    (abs)        000000
__size_ofi1_newLine                (abs)        000000
__size_ofi1_receive                (abs)        000000
__size_ofi1_receiveFinal           (abs)        000000
__size_ofi1_receiveString          (abs)        000000
__size_ofi1_receiveStringFinal     (abs)        000000
__size_ofi1_strcmp                 (abs)        000000
__size_ofi1_strlen                 (abs)        000000
__size_ofi1_transmit               (abs)        000000
__size_ofi1_transmitString         (abs)        000000
__size_ofi1_validatePassword       (abs)        000000
__size_ofi1_waitForEnter           (abs)        000000
__size_ofi2_EEPROM_WriteByte       (abs)        000000
__size_ofi2_clear                  (abs)        000000
__size_ofi2_disablePIR             (abs)        000000
__size_ofi2_displayMenu            (abs)        000000
__size_ofi2_enabledDisabled        (abs)        000000
__size_ofi2_isValidEntry           (abs)        000000
__size_ofi2_keypadReceive          (abs)        000000
__size_ofi2_keypadReceiveString    (abs)        000000
__size_ofi2_newLine                (abs)        000000
__size_ofi2_receive                (abs)        000000
__size_ofi2_receiveFinal           (abs)        000000
__size_ofi2_receiveString          (abs)        000000
__size_ofi2_receiveStringFinal     (abs)        000000
__size_ofi2_strcmp                 (abs)        000000
__size_ofi2_strlen                 (abs)        000000
__size_ofi2_transmit               (abs)        000000
__size_ofi2_transmitString         (abs)        000000
__size_ofi2_validatePassword       (abs)        000000
__size_ofi2_waitForEnter           (abs)        000000
__smallconst                       smallconst   000000
_adjustTemp                        text4        001ED4
_atoi                              text5        0023A4
_changePasscode                    text14       003B56
_clear                             text34       00401C
_disablePIR                        text12       0040F2
_disableTemp                       text3        0040CA
_displayMenu                       text31       002A42
_enableKeyboard                    text28       0040A0
_enableKeypad                      text27       00408A
_enablePIR                         text11       0040DE
_enableTemp                        text2        0040B6
_enabledDisabled                   text33       003B04
_getTemp                           text42       0011D0
_highAddress                       dataBANK1    000149
_initialize_timer                  text30       003AB2
_inputAddress                      dataBANK1    000143
_inputHandler                      text21       002ACE
_isValidEntry                      text26       002D58
_isdigit                           text6        003D88
_isdigit$1830                      cstackBANK0  0000BD
_keypad                            bssBANK1     000138
_keypadReceive                     text25       00145E
_keypadReceiveString               text19       00386A
_lowAddress                        dataBANK1    00014C
_main                              text0        000EC8
_newAddress                        bssBANK1     000137
_newLine                           text32       004118
_passcodeHandler                   text13       0033D0
_password                          bssBANK1     000139
_passwordAddress                   dataBANK1    000145
_pirAddress                        dataBANK1    000144
_pirHandler                        text10       0029B4
_printTemp                         bssBANK1     00013E
_receive                           text24       002FBC
_receiveFinal                      text22       003E00
_receiveString                     text18       003804
_receiveStringFinal                text17       003C7A
_recentTemperature                 bssBANK0     0000C1
_strcmp                            text16       003194
_strlen                            text37       003032
_tempAddress                       dataBANK1    000142
_tempHandler                       text1        001AFA
_tempHigh                          bssBANK1     000133
_tempLow                           bssBANK1     000135
_tempSensor                        bssBANK0     0000C3
_transmit                          text36       003F66
_transmitString                    text35       002BD8
_validatePassword                  text15       002B56
_waitForEnter                      text23       003360
adjustTemp@tempTemp                cstackBANK1  00011D
adjustTemp@temph                   cstackBANK1  000119
adjustTemp@templ                   cstackBANK1  000115
atoi@a                             cstackBANK1  000109
atoi@s                             cstackBANK1  000104
atoi@sign                          cstackBANK1  000108
btemp                              temp         000056
enabledDisabled@c                  cstackBANK0  0000C0
end_of_initialization              cinit        003D7A
getTemp@adHigh                     cstackBANK0  0000A0
getTemp@adLow                      cstackBANK0  00009C
getTemp@fullAD                     cstackBANK0  0000A8
getTemp@option                     cstackBANK0  0000AC
getTemp@temp                       cstackBANK0  0000AD
getTemp@temp1                      cstackBANK0  0000A4
i1EEPROM_WriteByte@eepromAddress   cstackCOMRAM 00002A
i1EEPROM_WriteByte@eepromData      cstackCOMRAM 000029
i1EEPROM_WriteString@eepromAddress cstackCOMRAM 00002B
i1EEPROM_WriteString@eepromData    cstackCOMRAM 00002D
i1EEPROM_WriteString@i             cstackCOMRAM 000032
i1EEPROM_WriteString@size          cstackCOMRAM 00002F
i1_EEPROM_WriteByte                text67       003ED0
i1_EEPROM_WriteString              text66       003A58
i1___awdiv                         text65       0027F0
i1___awdiv@counter                 cstackCOMRAM 000033
i1___awdiv@dividend                cstackCOMRAM 00002F
i1___awdiv@divisor                 cstackCOMRAM 000031
i1___awdiv@quotient                cstackCOMRAM 000035
i1___awdiv@sign                    cstackCOMRAM 000034
i1___awmod                         text64       0028DC
i1___awmod@counter                 cstackCOMRAM 00002D
i1___awmod@dividend                cstackCOMRAM 000029
i1___awmod@divisor                 cstackCOMRAM 00002B
i1___awmod@sign                    cstackCOMRAM 00002E
i1___wmul                          text63       003FF2
i1___wmul@multiplicand             cstackCOMRAM 00002B
i1___wmul@multiplier               cstackCOMRAM 000029
i1___wmul@product                  cstackCOMRAM 00002D
i1_adjustTemp                      text49       0020AA
i1_atoi                            text61       0024E0
i1_clear                           text48       004056
i1_displayMenu                     text46       002C58
i1_enabledDisabled                 text47       003BEA
i1_initialize_timer                text41       003BA2
i1_isValidEntry                    text56       002ECC
i1_isdigit                         text62       003DC6
i1_isdigit$1830                    cstackCOMRAM 00002A
i1_keypadReceive                   text55       0016A6
i1_keypadReceiveString             text52       003932
i1_newLine                         text57       004128
i1_receive                         text54       003514
i1_receiveFinal                    text45       003E9E
i1_receiveString                   text51       0038D0
i1_receiveStringFinal              text50       003CBE
i1_strcmp                          text44       00343C
i1_strlen                          text60       003730
i1_transmit                        text59       003F96
i1_transmitString                  text58       002DD4
i1_validatePassword                text43       0030A8
i1_waitForEnter                    text53       0034A8
i1adjustTemp@tempTemp              cstackCOMRAM 00004A
i1adjustTemp@temph                 cstackCOMRAM 000046
i1adjustTemp@templ                 cstackCOMRAM 000042
i1atoi@a                           cstackCOMRAM 000034
i1atoi@s                           cstackCOMRAM 00002F
i1atoi@sign                        cstackCOMRAM 000033
i1enabledDisabled@c                cstackCOMRAM 000037
i1initialize_timer@high            cstackCOMRAM 00002D
i1initialize_timer@low             cstackCOMRAM 00002E
i1initialize_timer@pre             cstackCOMRAM 00002F
i1initialize_timer@x               cstackCOMRAM 00002B
i1isValidEntry@c                   cstackCOMRAM 00002B
i1isdigit@c                        cstackCOMRAM 00002B
i1keypadReceive@option             cstackCOMRAM 00002D
i1keypadReceiveString@i            cstackCOMRAM 00003C
i1keypadReceiveString@s            cstackCOMRAM 000037
i1keypadReceiveString@size         cstackCOMRAM 000039
i1receive@c                        cstackCOMRAM 00002D
i1receiveFinal@c                   cstackCOMRAM 00002F
i1receiveString@i                  cstackCOMRAM 00003C
i1receiveString@s                  cstackCOMRAM 000037
i1receiveString@size               cstackCOMRAM 000039
i1receiveStringFinal@s             cstackCOMRAM 00003E
i1receiveStringFinal@size          cstackCOMRAM 000040
i1strcmp@r                         cstackCOMRAM 00002E
i1strcmp@s1                        cstackCOMRAM 000029
i1strcmp@s2                        cstackCOMRAM 00002B
i1strlen@cp                        cstackCOMRAM 00002D
i1strlen@s                         cstackCOMRAM 000029
i1transmit@c                       cstackCOMRAM 000029
i1transmitString@i                 cstackCOMRAM 000035
i1transmitString@s                 cstackCOMRAM 00002F
i1transmitString@size              cstackCOMRAM 000033
i1validatePassword@attempt         cstackCOMRAM 000042
i1validatePassword@validLogin      cstackCOMRAM 000047
i1waitForEnter@e                   cstackCOMRAM 00002E
i2EEPROM_WriteByte@eepromAddress   cstackCOMRAM 000002
i2EEPROM_WriteByte@eepromData      cstackCOMRAM 000001
i2_EEPROM_WriteByte                text89       003F34
i2_clear                           text90       004070
i2_disablePIR                      text88       004106
i2_displayMenu                     text85       002CD8
i2_enabledDisabled                 text87       003C32
i2_isValidEntry                    text84       002F44
i2_keypadReceive                   text83       0018D0
i2_keypadReceiveString             text79       0039F6
i2_newLine                         text86       004136
i2_receive                         text82       0036C4
i2_receiveFinal                    text80       003F02
i2_receiveString                   text78       003994
i2_receiveStringFinal              text77       003D02
i2_strcmp                          text76       0035EC
i2_strlen                          text93       00379A
i2_transmit                        text92       003FC4
i2_transmitString                  text91       002E50
i2_validatePassword                text75       00311E
i2_waitForEnter                    text81       003658
i2enabledDisabled@c                cstackCOMRAM 00000F
i2isValidEntry@c                   cstackCOMRAM 000003
i2keypadReceive@option             cstackCOMRAM 000005
i2keypadReceiveString@i            cstackCOMRAM 000014
i2keypadReceiveString@s            cstackCOMRAM 00000F
i2keypadReceiveString@size         cstackCOMRAM 000011
i2receive@c                        cstackCOMRAM 000005
i2receiveFinal@c                   cstackCOMRAM 000007
i2receiveString@i                  cstackCOMRAM 000014
i2receiveString@s                  cstackCOMRAM 00000F
i2receiveString@size               cstackCOMRAM 000011
i2receiveStringFinal@s             cstackCOMRAM 000016
i2receiveStringFinal@size          cstackCOMRAM 000018
i2strcmp@r                         cstackCOMRAM 000006
i2strcmp@s1                        cstackCOMRAM 000001
i2strcmp@s2                        cstackCOMRAM 000003
i2strlen@cp                        cstackCOMRAM 000005
i2strlen@s                         cstackCOMRAM 000001
i2transmit@c                       cstackCOMRAM 000001
i2transmitString@i                 cstackCOMRAM 00000D
i2transmitString@s                 cstackCOMRAM 000007
i2transmitString@size              cstackCOMRAM 00000B
i2validatePassword@attempt         cstackCOMRAM 00001A
i2validatePassword@validLogin      cstackCOMRAM 00001F
i2waitForEnter@e                   cstackCOMRAM 000006
initialize_timer@high              cstackBANK1  000102
initialize_timer@low               cstackBANK1  000103
initialize_timer@pre               cstackBANK1  000104
initialize_timer@x                 cstackBANK1  000100
inputHandler@option                cstackBANK1  00010A
int$flags                          temp         000056
int_func                           intcode_body 003580
intlevel0                          text         000000
intlevel1                          text         000000
intlevel2                          text         000000
intlevel3                          text         000000
isValidEntry@c                     cstackBANK0  0000BE
isdigit@c                          cstackBANK0  0000BE
keypadReceive@option               cstackBANK0  0000C0
keypadReceiveString@i              cstackBANK1  00010F
keypadReceiveString@s              cstackBANK1  00010A
keypadReceiveString@size           cstackBANK1  00010C
main@enterNew                      cstackBANK1  000132
main@inputStatus                   cstackBANK1  00012E
main@option                        cstackBANK1  000131
main@pirStatus                     cstackBANK1  000130
main@tempStatus                    cstackBANK1  00012F
passcodeHandler@option             cstackBANK1  00011B
pirHandler@option                  cstackBANK1  00010A
receive@c                          cstackBANK0  0000C0
receiveFinal@c                     cstackBANK1  000101
receiveString@i                    cstackBANK1  00010F
receiveString@s                    cstackBANK1  00010A
receiveString@size                 cstackBANK1  00010C
receiveStringFinal@s               cstackBANK1  000111
receiveStringFinal@size            cstackBANK1  000113
stackhi                            (abs)        0005FF
stacklo                            (abs)        00014F
start                              init         0000AE
start_initialization               cinit        003D46
strcmp@r                           cstackBANK1  000100
strcmp@s1                          cstackBANK0  0000BC
strcmp@s2                          cstackBANK0  0000BE
strlen@cp                          cstackBANK1  000100
strlen@s                           cstackBANK0  0000BC
tempHandler@option                 cstackBANK1  000121
tempHandler@temph                  cstackBANK1  000126
tempHandler@templ                  cstackBANK1  000122
transmit@c                         cstackBANK0  0000BC
transmitString@i                   cstackBANK1  000108
transmitString@s                   cstackBANK1  000102
transmitString@size                cstackBANK1  000106
ttemp5                             temp         000057
ttemp6                             temp         00005A
ttemp7                             temp         00005E
validatePassword@attempt           cstackBANK1  000115
validatePassword@validLogin        cstackBANK1  00011A
waitForEnter@e                     cstackBANK1  000100
wtemp8                             temp         000057


FUNCTION INFORMATION:

 *************** function _main *****************
 Defined at:
		line 92 in file "Lab7.c"
 Parameters:    Size  Location     Type
		None
 Auto vars:     Size  Location     Type
  option          1   49[BANK1 ] unsigned char 
  enterNew        1   50[BANK1 ] unsigned char 
  pirStatus       1   48[BANK1 ] unsigned char 
  tempStatus      1   47[BANK1 ] unsigned char 
  inputStatus     1   46[BANK1 ] unsigned char 
 Return value:  Size  Location     Type
                  1    wreg      void 
 Registers used:
		wreg, fsr0l, fsr0h, fsr1l, fsr1h, fsr2l, fsr2h, status,2, status,0, tblptrl, tblptrh, tblptru, prodl, prodh, cstack
 Tracked objects:
		On entry : 
		On exit  : 
		Unchanged: 
 Data sizes:     COMRAM   BANK0   BANK1   BANK2   BANK3   BANK4   BANK5
      Params:         0       0       0       0       0       0       0
      Locals:         0       0       5       0       0       0       0
      Temps:          0       0       4       0       0       0       0
      Totals:         0       0       9       0       0       0       0
Total ram usage:        9 bytes
 Hardware stack levels required when called:   24
 This function calls:
		_EEPROM_ReadByte
		_EEPROM_ReadString
		_EEPROM_WriteByte
		_EEPROM_WriteString
		___wmul
		_clear
		_disablePIR
		_disableTemp
		_displayMenu
		_enableKeyboard
		_enableKeypad
		_enablePIR
		_enableTemp
		_initialize_timer
		_inputHandler
		_newLine
		_passcodeHandler
		_pirHandler
		_receiveFinal
		_receiveStringFinal
		_tempHandler
		_transmitString
		_validatePassword
 This function is called by:
		Startup code after reset
 This function uses a non-reentrant model


 *************** function _tempHandler *****************
 Defined at:
		line 276 in file "Lab7.c"
[...]
      Totals:         2       0       0       0       0       0       0
Total ram usage:        2 bytes
 Hardware stack levels used:    1
 Hardware stack levels required when called:    1
 This function calls:
		i2_isValidEntry
		i2_transmit
 This function is called by:
		i2_keypadReceiveString
		i2_receiveFinal
		i2_waitForEnter
 This function uses a non-reentrant model


 *************** function i2_isValidEntry *****************
 Defined at:
		line 757 in file "Lab7.c"
 Parameters:    Size  Location     Type
  c               1    wreg     unsigned char 
 Auto vars:     Size  Location     Type
  c               1    2[COMRAM] unsigned char 
 Return value:  Size  Location     Type
                  2    0[COMRAM] int 
 Registers used:
		wreg, status,2, status,0
 Tracked objects:
		On entry : 
		On exit  : 
		Unchanged: 
 Data sizes:     COMRAM   BANK0   BANK1   BANK2   BANK3   BANK4   BANK5
      Params:         2       0       0       0       0       0       0
      Locals:         1       0       0       0       0       0       0
      Temps:          0       0       0       0       0       0       0
      Totals:         3       0       0       0       0       0       0
Total ram usage:        3 bytes
 Hardware stack levels used:    1
 This function calls:
		Nothing
 This function is called by:
		i2_receive
		i2_keypadReceive
 This function uses a non-reentrant model


 *************** function i2_displayMenu *****************
 Defined at:
		line 747 in file "Lab7.c"
 Parameters:    Size  Location     Type
		None
 Auto vars:     Size  Location     Type
		None
 Return value:  Size  Location     Type
                  1    wreg      void 
 Registers used:
		wreg, fsr0l, fsr0h, status,2, status,0, tblptrl, tblptrh, tblptru, cstack
 Tracked objects:
		On entry : 
		On exit  : 
		Unchanged: 
 Data sizes:     COMRAM   BANK0   BANK1   BANK2   BANK3   BANK4   BANK5
      Params:         0       0       0       0       0       0       0
      Locals:         0       0       0       0       0       0       0
      Temps:          0       0       0       0       0       0       0
      Totals:         0       0       0       0       0       0       0
Total ram usage:        0 bytes
 Hardware stack levels used:    1
 Hardware stack levels required when called:    3
 This function calls:
		i2_enabledDisabled
		i2_newLine
		i2_transmitString
 This function is called by:
		_Red_LED
 This function uses a non-reentrant model


 *************** function i2_newLine *****************
 Defined at:
		line 690 in file "Lab7.c"
 Parameters:    Size  Location     Type
		None
 Auto vars:     Size  Location     Type
		None
 Return value:  Size  Location     Type
                  1    wreg      void 
 Registers used:
		wreg, fsr0l, fsr0h, status,2, status,0, tblptrl, tblptrh, tblptru, cstack
 Tracked objects:
		On entry : 
		On exit  : 
		Unchanged: 
 Data sizes:     COMRAM   BANK0   BANK1   BANK2   BANK3   BANK4   BANK5
      Params:         0       0       0       0       0       0       0
      Locals:         0       0       0       0       0       0       0
      Temps:          0       0       0       0       0       0       0
      Totals:         0       0       0       0       0       0       0
Total ram usage:        0 bytes
 Hardware stack levels used:    1
 Hardware stack levels required when called:    2
 This function calls:
		i2_transmitString
 This function is called by:
		_Red_LED
		i2_keypadReceiveString
		i2_receiveString
		i2_validatePassword
		i2_displayMenu
 This function uses a non-reentrant model


 *************** function i2_enabledDisabled *****************
 Defined at:
		line 667 in file "Lab7.c"
 Parameters:    Size  Location     Type
  c               1    wreg     unsigned char 
 Auto vars:     Size  Location     Type
  c               1   14[COMRAM] unsigned char 
 Return value:  Size  Location     Type
                  1    wreg      void 
 Registers used:
		wreg, fsr0l, fsr0h, status,2, status,0, tblptrl, tblptrh, tblptru, cstack
 Tracked objects:
		On entry : 
		On exit  : 
		Unchanged: 
 Data sizes:     COMRAM   BANK0   BANK1   BANK2   BANK3   BANK4   BANK5
      Params:         0       0       0       0       0       0       0
      Locals:         1       0       0       0       0       0       0
      Temps:          0       0       0       0       0       0       0
      Totals:         1       0       0       0       0       0       0
Total ram usage:        1 bytes
 Hardware stack levels used:    1
 Hardware stack levels required when called:    2
 This function calls:
		i2_transmitString
 This function is called by:
		i2_displayMenu
 This function uses a non-reentrant model


 *************** function i2_disablePIR *****************
 Defined at:
		line 269 in file "Lab7.c"
 Parameters:    Size  Location     Type
		None
 Auto vars:     Size  Location     Type
		None
 Return value:  Size  Location     Type
                  1    wreg      void 
 Registers used:
		wreg, status,2, cstack
 Tracked objects:
		On entry : 
		On exit  : 
		Unchanged: 
 Data sizes:     COMRAM   BANK0   BANK1   BANK2   BANK3   BANK4   BANK5
      Params:         0       0       0       0       0       0       0
      Locals:         0       0       0       0       0       0       0
      Temps:          0       0       0       0       0       0       0
      Totals:         0       0       0       0       0       0       0
Total ram usage:        0 bytes
 Hardware stack levels used:    1
 Hardware stack levels required when called:    1
 This function calls:
		i2_EEPROM_WriteByte
 This function is called by:
		_Red_LED
 This function uses a non-reentrant model


 *************** function i2_EEPROM_WriteByte *****************
 Defined at:
		line 695 in file "Lab7.c"
 Parameters:    Size  Location     Type
  eepromAddres    1    wreg     unsigned char 
  eepromData      1    0[COMRAM] unsigned char 
 Auto vars:     Size  Location     Type
  eepromAddres    1    1[COMRAM] unsigned char 
 Return value:  Size  Location     Type
                  1    wreg      void 
 Registers used:
		wreg, status,2
 Tracked objects:
		On entry : 
		On exit  : 
		Unchanged: 
 Data sizes:     COMRAM   BANK0   BANK1   BANK2   BANK3   BANK4   BANK5
      Params:         1       0       0       0       0       0       0
      Locals:         1       0       0       0       0       0       0
      Temps:          0       0       0       0       0       0       0
      Totals:         2       0       0       0       0       0       0
Total ram usage:        2 bytes
 Hardware stack levels used:    1
 This function calls:
		Nothing
 This function is called by:
		i2_disablePIR
 This function uses a non-reentrant model


 *************** function i2_clear *****************
 Defined at:
		line 742 in file "Lab7.c"
 Parameters:    Size  Location     Type
		None
 Auto vars:     Size  Location     Type
		None
 Return value:  Size  Location     Type
                  1    wreg      void 
 Registers used:
		wreg, fsr0l, fsr0h, status,2, status,0, tblptrl, tblptrh, tblptru, cstack
 Tracked objects:
		On entry : 
		On exit  : 
		Unchanged: 
 Data sizes:     COMRAM   BANK0   BANK1   BANK2   BANK3   BANK4   BANK5
      Params:         0       0       0       0       0       0       0
      Locals:         0       0       0       0       0       0       0
      Temps:          0       0       0       0       0       0       0
      Totals:         0       0       0       0       0       0       0
Total ram usage:        0 bytes
 Hardware stack levels used:    1
 Hardware stack levels required when called:    2
 This function calls:
		i2_transmitString
 This function is called by:
		_Red_LED
 This function uses a non-reentrant model


 *************** function i2_transmitString *****************
 Defined at:
		line 626 in file "Lab7.c"
 Parameters:    Size  Location     Type
  s               2    6[COMRAM] PTR unsigned char 
		 -> STR_43(3), STR_42(9), STR_41(23), STR_40(28), 
		 -> STR_39(20), STR_38(20), STR_37(7), STR_36(5), 
		 -> STR_35(4), STR_34(17), STR_33(11), STR_32(12), 
		 -> STR_31(3), STR_30(23), STR_29(22), STR_28(3), 
		 -> STR_27(16), STR_26(18), STR_25(3), STR_24(23), 
		 -> STR_23(25), STR_22(3), STR_21(30), STR_20(3), 
		 -> STR_19(30), STR_18(3), STR_17(4), printTemp(4), 
		 -> STR_16(17), STR_15(23), STR_14(2), STR_13(2), 
		 -> STR_12(24), STR_11(23), STR_10(22), tempHandler@temph(4), 
		 -> tempHandler@templ(4), STR_9(3), STR_8(23), STR_7(22), 
		 -> STR_6(21), STR_5(21), STR_4(3), STR_3(23), 
		 -> STR_2(19), STR_1(21), 
 Auto vars:     Size  Location     Type
  transmitStri    2   12[COMRAM] int 
  transmitStri    2   10[COMRAM] int 
 Return value:  Size  Location     Type
                  1    wreg      void 
 Registers used:
		wreg, fsr0l, fsr0h, status,2, status,0, tblptrl, tblptrh, tblptru, cstack
 Tracked objects:
		On entry : 
		On exit  : 
		Unchanged: 
 Data sizes:     COMRAM   BANK0   BANK1   BANK2   BANK3   BANK4   BANK5
      Params:         2       0       0       0       0       0       0
      Locals:         4       0       0       0       0       0       0
      Temps:          2       0       0       0       0       0       0
      Totals:         8       0       0       0       0       0       0
Total ram usage:        8 bytes
 Hardware stack levels used:    1
 Hardware stack levels required when called:    1
 This function calls:
		i2_strlen
		i2_transmit
 This function is called by:
		_Red_LED
		i2_enabledDisabled
		i2_validatePassword
		i2_newLine
		i2_clear
		i2_displayMenu
 This function uses a non-reentrant model


 *************** function i2_transmit *****************
 Defined at:
		line 508 in file "Lab7.c"
 Parameters:    Size  Location     Type
  c               1    wreg     unsigned char 
 Auto vars:     Size  Location     Type
  c               1    0[COMRAM] unsigned char 
 Return value:  Size  Location     Type
                  1    wreg      void 
 Registers used:
		wreg, status,2
 Tracked objects:
		On entry : 
		On exit  : 
		Unchanged: 
 Data sizes:     COMRAM   BANK0   BANK1   BANK2   BANK3   BANK4   BANK5
      Params:         0       0       0       0       0       0       0
      Locals:         1       0       0       0       0       0       0
      Temps:          0       0       0       0       0       0       0
      Totals:         1       0       0       0       0       0       0
Total ram usage:        1 bytes
 Hardware stack levels used:    1
 This function calls:
		Nothing
 This function is called by:
		i2_receive
		i2_keypadReceive
		i2_transmitString
 This function uses a non-reentrant model


 *************** function i2_strlen *****************
 Defined at:
		line 4 in file "C:\Program Files (x86)\Microchip\xc8\v2.00\pic\sources\c90\common\strlen.c"
 Parameters:    Size  Location     Type
  s               2    0[COMRAM] PTR const unsigned char 
		 -> STR_43(3), STR_42(9), STR_41(23), STR_40(28), 
		 -> STR_39(20), STR_38(20), STR_37(7), STR_36(5), 
		 -> STR_35(4), STR_34(17), STR_33(11), STR_32(12), 
		 -> STR_31(3), STR_30(23), STR_29(22), STR_28(3), 
		 -> STR_27(16), STR_26(18), STR_25(3), STR_24(23), 
		 -> STR_23(25), STR_22(3), STR_21(30), STR_20(3), 
		 -> STR_19(30), STR_18(3), STR_17(4), printTemp(4), 
		 -> STR_16(17), STR_15(23), STR_14(2), STR_13(2), 
		 -> STR_12(24), STR_11(23), STR_10(22), tempHandler@temph(4), 
		 -> tempHandler@templ(4), STR_9(3), STR_8(23), STR_7(22), 
		 -> STR_6(21), STR_5(21), STR_4(3), STR_3(23), 
		 -> STR_2(19), STR_1(21), 
 Auto vars:     Size  Location     Type
  strlen          2    4[COMRAM] PTR const unsigned char 
		 -> STR_43(3), STR_42(9), STR_41(23), STR_40(28), 
		 -> STR_39(20), STR_38(20), STR_37(7), STR_36(5), 
		 -> STR_35(4), STR_34(17), STR_33(11), STR_32(12), 
		 -> STR_31(3), STR_30(23), STR_29(22), STR_28(3), 
		 -> STR_27(16), STR_26(18), STR_25(3), STR_24(23), 
		 -> STR_23(25), STR_22(3), STR_21(30), STR_20(3), 
		 -> STR_19(30), STR_18(3), STR_17(4), printTemp(4), 
		 -> STR_16(17), STR_15(23), STR_14(2), STR_13(2), 
		 -> STR_12(24), STR_11(23), STR_10(22), tempHandler@temph(4), 
		 -> tempHandler@templ(4), STR_9(3), STR_8(23), STR_7(22), 
		 -> STR_6(21), STR_5(21), STR_4(3), STR_3(23), 
		 -> STR_2(19), STR_1(21), 
 Return value:  Size  Location     Type
                  2    0[COMRAM] unsigned int 
 Registers used:
		wreg, fsr0l, fsr0h, status,2, status,0, tblptrl, tblptrh, tblptru
 Tracked objects:
		On entry : 
		On exit  : 
		Unchanged: 
 Data sizes:     COMRAM   BANK0   BANK1   BANK2   BANK3   BANK4   BANK5
      Params:         2       0       0       0       0       0       0
      Locals:         2       0       0       0       0       0       0
      Temps:          2       0       0       0       0       0       0
      Totals:         6       0       0       0       0       0       0
Total ram usage:        6 bytes
 Hardware stack levels used:    1
 This function calls:
		Nothing
 This function is called by:
		i2_transmitString
 This function uses a non-reentrant model



MODULE INFORMATION

Module		Function		Class		Link	Load	Size
C:\Program Files (x86)\Microchip\xc8\v2.00\pic\sources\c90\common\atoi.c
		_atoi          		CODE           	23A4	0000	317

C:\Program Files (x86)\Microchip\xc8\v2.00\pic\sources\c90\common\atoi.c estimated size: 317

C:\Program Files (x86)\Microchip\xc8\v2.00\pic\sources\c90\common\awmod.c
		___awmod       		CODE           	2612	0000	241

C:\Program Files (x86)\Microchip\xc8\v2.00\pic\sources\c90\common\awmod.c estimated size: 241

C:\Program Files (x86)\Microchip\xc8\v2.00\pic\sources\c90\common\sprcmul.c
		___flmul       		CODE           	0638	0000	1135

C:\Program Files (x86)\Microchip\xc8\v2.00\pic\sources\c90\common\sprcmul.c estimated size: 1135

C:\Program Files (x86)\Microchip\xc8\v2.00\pic\sources\c90\common\sprcdiv.c
		___fldiv       		CODE           	0AA6	0000	1059

C:\Program Files (x86)\Microchip\xc8\v2.00\pic\sources\c90\common\sprcdiv.c estimated size: 1059

Lab7.c
		_receiveStringFinal		CODE           	3C7A	0000	69
		_enableKeypad  		CODE           	408A	0000	23
		_Red_LED       		CODE           	32EE	0000	115
		_disablePIR    		CODE           	40F2	0000	21
		_transmitString		CODE           	2BD8	0000	129
		_displayMenu   		CODE           	2A42	0000	141
		_Timer         		CODE           	0018	0000	151
		_disableTemp   		CODE           	40CA	0000	21
		_enableTemp    		CODE           	40B6	0000	21
		_tempHandler   		CODE           	1AFA	0000	511
		_isValidEntry  		CODE           	2D58	0000	125
		_main          		CODE           	0EC8	0000	777
		_enableKeyboard		CODE           	40A0	0000	23
		_EEPROM_WriteByte		CODE           	3E38	0000	53
		_adjustTemp    		CODE           	1ED4	0000	471
		_newLine       		CODE           	4118	0000	17
		_getTemp       		CODE           	11D0	0000	655
		_enablePIR     		CODE           	40DE	0000	21
		_EEPROM_ReadString		CODE           	327C	0000	115
		_receive       		CODE           	2FBC	0000	119
		_receiveFinal  		CODE           	3E00	0000	57
		_validatePassword		CODE           	2B56	0000	131
		_waitForEnter  		CODE           	3360	0000	113
		_receiveString 		CODE           	3804	0000	103
		_clear         		CODE           	401C	0000	31
		_EEPROM_WriteString		CODE           	3208	0000	117
		_changePasscode		CODE           	3B56	0000	77
		_enabledDisabled		CODE           	3B04	0000	83
		_EEPROM_ReadByte		CODE           	403A	0000	29
		_passcodeHandler		CODE           	33D0	0000	109
		_keypadReceiveString		CODE           	386A	0000	103
		_keypadReceive 		CODE           	145E	0000	585
		_transmit      		CODE           	3F66	0000	49
		_initialize_timer		CODE           	3AB2	0000	83
		_RB0_Interrupt 		CODE           	0008	0000	115
		_pirHandler    		CODE           	29B4	0000	143
		_inputHandler  		CODE           	2ACE	0000	137

Lab7.c estimated size: 5643

C:\Program Files (x86)\Microchip\xc8\v2.00\pic\sources\c90\common\Umul16.c
		___wmul        		CODE           	3E6C	0000	51

C:\Program Files (x86)\Microchip\xc8\v2.00\pic\sources\c90\common\Umul16.c estimated size: 51

C:\Program Files (x86)\Microchip\xc8\v2.00\pic\sources\c90\common\awdiv.c
		___awdiv       		CODE           	2702	0000	239

C:\Program Files (x86)\Microchip\xc8\v2.00\pic\sources\c90\common\awdiv.c estimated size: 239

C:\Program Files (x86)\Microchip\xc8\v2.00\pic\sources\c90\common\fltol.c
		___fltol       		CODE           	2250	0000	341

C:\Program Files (x86)\Microchip\xc8\v2.00\pic\sources\c90\common\fltol.c estimated size: 341

C:\Program Files (x86)\Microchip\xc8\v2.00\pic\sources\c90\common\isdigit.c
		_isdigit       		CODE           	3D88	0000	63

C:\Program Files (x86)\Microchip\xc8\v2.00\pic\sources\c90\common\isdigit.c estimated size: 63

C:\Program Files (x86)\Microchip\xc8\v2.00\pic\sources\c90\common\sprcadd.c
		___fladd       		CODE           	00B2	0000	1415

C:\Program Files (x86)\Microchip\xc8\v2.00\pic\sources\c90\common\sprcadd.c estimated size: 1415

shared
		i1_atoi        		CODE           	24E0	0000	307
		i1_EEPROM_WriteString		CODE           	3A58	0000	91
		i1_adjustTemp  		CODE           	20AA	0000	423
		i1_transmit    		CODE           	3F96	0000	47
		i2_transmit    		CODE           	3FC4	0000	47
		i1_receiveStringFinal		CODE           	3CBE	0000	69
		i1_validatePassword		CODE           	30A8	0000	119
		i2_receiveStringFinal		CODE           	3D02	0000	69
		i2_validatePassword		CODE           	311E	0000	119
		i1_transmitString		CODE           	2DD4	0000	125
		i1_strcmp      		CODE           	343C	0000	109
		i2_transmitString		CODE           	2E50	0000	125
		i2_strcmp      		CODE           	35EC	0000	109
		i1_isdigit     		CODE           	3DC6	0000	59
		i1_receive     		CODE           	3514	0000	109
		i2_receive     		CODE           	36C4	0000	109
		i1_enabledDisabled		CODE           	3BEA	0000	73
		i1___awdiv     		CODE           	27F0	0000	237
		i2_enabledDisabled		CODE           	3C32	0000	73
		i1_clear       		CODE           	4056	0000	27
		i1___wmul      		CODE           	3FF2	0000	43
		i2_clear       		CODE           	4070	0000	27
		i1_EEPROM_WriteByte		CODE           	3ED0	0000	51
		i2_EEPROM_WriteByte		CODE           	3F34	0000	51
		i1_keypadReceiveString		CODE           	3932	0000	99
		i2_keypadReceiveString		CODE           	39F6	0000	99
		__initialization		CODE           	3D46	0000	53
		i1_initialize_timer		CODE           	3BA2	0000	73
		i1___awmod     		CODE           	28DC	0000	217
		i1_waitForEnter		CODE           	34A8	0000	109
		i1_receiveFinal		CODE           	3E9E	0000	51
		i2_waitForEnter		CODE           	3658	0000	109
		i2_receiveFinal		CODE           	3F02	0000	51
		i1_keypadReceive		CODE           	16A6	0000	555
		i2_keypadReceive		CODE           	18D0	0000	555
		i2_disablePIR  		CODE           	4106	0000	19
		i1_displayMenu 		CODE           	2C58	0000	129
		i2_displayMenu 		CODE           	2CD8	0000	129
		i1_receiveString		CODE           	38D0	0000	99
		i1_strlen      		CODE           	3730	0000	107
		i2_receiveString		CODE           	3994	0000	99
		i1_isValidEntry		CODE           	2ECC	0000	121
		i2_strlen      		CODE           	379A	0000	107
		i2_isValidEntry		CODE           	2F44	0000	121
		i1_newLine     		CODE           	4128	0000	15
		i2_newLine     		CODE           	4136	0000	15

shared estimated size: 5550

C:\Program Files (x86)\Microchip\xc8\v2.00\pic\sources\c90\common\xxtofl.c
		___xxtofl      		CODE           	1CF8	0000	477

C:\Program Files (x86)\Microchip\xc8\v2.00\pic\sources\c90\common\xxtofl.c estimated size: 477

C:\Program Files (x86)\Microchip\xc8\v2.00\pic\sources\c90\common\strlen.c
		_strlen        		CODE           	3032	0000	119

C:\Program Files (x86)\Microchip\xc8\v2.00\pic\sources\c90\common\strlen.c estimated size: 119

C:\Program Files (x86)\Microchip\xc8\v2.00\pic\sources\c90\common\strcmp.c
		_strcmp        		CODE           	3194	0000	117

C:\Program Files (x86)\Microchip\xc8\v2.00\pic\sources\c90\common\strcmp.c estimated size: 117

